2025-08-29 12:45:46,728 -                train: [    INFO] - Training with a single process on 1 GPUs.
2025-08-29 12:45:47,165 -  timm.models.helpers: [    INFO] - Loaded  from checkpoint '/nfs4/wangyb/projects/OFAKD/teacher_checkpoint/vit_small_patch16_224_tiny_imagenet.pth'
2025-08-29 12:45:47,542 -                train: [    INFO] - Model mobilenetv2_vcaV2 created, param count:3862152
2025-08-29 12:45:47,542 -     timm.data.config: [    INFO] - Data processing configuration for current model + dataset:
2025-08-29 12:45:47,542 -     timm.data.config: [    INFO] - 	input_size: (3, 224, 224)
2025-08-29 12:45:47,544 -     timm.data.config: [    INFO] - 	interpolation: bicubic
2025-08-29 12:45:47,544 -     timm.data.config: [    INFO] - 	mean: (0.485, 0.456, 0.406)
2025-08-29 12:45:47,544 -     timm.data.config: [    INFO] - 	std: (0.229, 0.224, 0.225)
2025-08-29 12:45:47,544 -     timm.data.config: [    INFO] - 	crop_pct: 0.875
2025-08-29 12:45:47,713 -                train: [    INFO] - 
-------------------------------
Learnable parameters
Student: 3.86M
Extra: 0.00M
-------------------------------
2025-08-29 12:45:47,832 -                train: [    INFO] - AMP not enabled. Training in float32.
2025-08-29 12:45:47,832 -                train: [    INFO] - Scheduled epochs: 200
2025-08-29 12:46:17,849 -                train: [    INFO] - Training with a single process on 1 GPUs.
2025-08-29 12:46:18,226 -  timm.models.helpers: [    INFO] - Loaded  from checkpoint '/nfs4/wangyb/projects/OFAKD/teacher_checkpoint/vit_small_patch16_224_tiny_imagenet.pth'
2025-08-29 12:46:18,232 -                train: [    INFO] - Model mobilenetv2_vcaV2 created, param count:3862152
2025-08-29 12:46:18,232 -     timm.data.config: [    INFO] - Data processing configuration for current model + dataset:
2025-08-29 12:46:18,232 -     timm.data.config: [    INFO] - 	input_size: (3, 224, 224)
2025-08-29 12:46:18,233 -     timm.data.config: [    INFO] - 	interpolation: bicubic
2025-08-29 12:46:18,233 -     timm.data.config: [    INFO] - 	mean: (0.485, 0.456, 0.406)
2025-08-29 12:46:18,233 -     timm.data.config: [    INFO] - 	std: (0.229, 0.224, 0.225)
2025-08-29 12:46:18,233 -     timm.data.config: [    INFO] - 	crop_pct: 0.875
2025-08-29 12:46:18,414 -                train: [    INFO] - 
-------------------------------
Learnable parameters
Student: 3.86M
Extra: 0.00M
-------------------------------
2025-08-29 12:46:18,541 -                train: [    INFO] - AMP not enabled. Training in float32.
2025-08-29 12:46:18,542 -                train: [    INFO] - Scheduled epochs: 200
2025-08-29 12:46:21,551 -                train: [    INFO] - Train: 0 [   0/391 (  0%)]  Loss: 509.2 (509.)  Loss_cat: 4.141 (4.14)  Loss_feat: 499.8 (500.)  Loss_gt: 5.313 (5.31) LR: 1.000e-04
2025-08-29 12:48:11,145 -                train: [    INFO] - Train: 0 [ 200/391 ( 51%)]  Loss: 291.5 (377.)  Loss_cat: 2.652 (3.13)  Loss_feat: 283.5 (368.)  Loss_gt: 5.316 (5.32) LR: 1.000e-04
2025-08-29 12:49:59,569 -                train: [    INFO] - Train: 0 [ 390/391 (100%)]  Loss: 282.8 (334.)  Loss_cat: 2.497 (2.86)  Loss_feat: 275.0 (326.)  Loss_gt: 5.281 (5.31) LR: 1.000e-04
2025-08-29 12:50:02,289 -                train: [    INFO] - Test: [   0/39]  Time: 2.674 (2.674)  Loss:  5.1740 (5.1740)  Acc@1:  0.3906 ( 0.3906)  Acc@5:  7.0312 ( 7.0312)
2025-08-29 12:50:31,549 -                train: [    INFO] - Test: [  39/39]  Time: 0.112 (0.798)  Loss:  5.1062 (5.2875)  Acc@1:  0.0000 ( 1.0100)  Acc@5:  6.2500 ( 3.4900)
2025-08-29 12:50:32,286 - timm.utils.checkpoint_saver: [    INFO] - Current checkpoints:
 ('./output/train/20250829-124618-mobilenetv2_vcaV2-224/checkpoint/checkpoint-0.pth.tar', 1.01)

2025-08-29 12:50:33,692 -                train: [    INFO] - Train: 1 [   0/391 (  0%)]  Loss: 282.7 (283.)  Loss_cat: 2.465 (2.47)  Loss_feat: 274.9 (275.)  Loss_gt: 5.298 (5.30) LR: 1.673e-02
2025-08-29 12:52:23,288 -                train: [    INFO] - Train: 1 [ 200/391 ( 51%)]  Loss: 275.2 (292.)  Loss_cat: 2.129 (2.30)  Loss_feat: 267.9 (284.)  Loss_gt: 5.202 (5.26) LR: 1.673e-02
2025-08-29 12:54:07,655 -                train: [    INFO] - Train: 1 [ 390/391 (100%)]  Loss: 252.1 (278.)  Loss_cat: 1.827 (2.14)  Loss_feat: 245.5 (271.)  Loss_gt: 4.801 (5.13) LR: 1.673e-02
2025-08-29 12:54:10,090 -                train: [    INFO] - Test: [   0/39]  Time: 2.368 (2.368)  Loss:  5.2727 (5.2727)  Acc@1:  1.1719 ( 1.1719)  Acc@5:  4.6875 ( 4.6875)
2025-08-29 12:55:09,988 -                train: [    INFO] - Test: [  39/39]  Time: 0.029 (1.557)  Loss:  4.9579 (4.9539)  Acc@1:  0.0000 ( 2.7300)  Acc@5: 18.7500 (11.5400)
2025-08-29 12:55:10,189 - timm.utils.checkpoint_saver: [    INFO] - Current checkpoints:
 ('./output/train/20250829-124618-mobilenetv2_vcaV2-224/checkpoint/checkpoint-1.pth.tar', 2.73)
 ('./output/train/20250829-124618-mobilenetv2_vcaV2-224/checkpoint/checkpoint-0.pth.tar', 1.01)

2025-08-29 12:55:11,508 -                train: [    INFO] - Train: 2 [   0/391 (  0%)]  Loss: 258.6 (259.)  Loss_cat: 1.973 (1.97)  Loss_feat: 251.8 (252.)  Loss_gt: 4.864 (4.86) LR: 3.337e-02
2025-08-29 12:57:05,136 -                train: [    INFO] - Train: 2 [ 200/391 ( 51%)]  Loss: 240.2 (250.)  Loss_cat: 1.737 (1.83)  Loss_feat: 234.1 (244.)  Loss_gt: 4.310 (4.64) LR: 3.337e-02
2025-08-29 12:58:48,918 -                train: [    INFO] - Train: 2 [ 390/391 (100%)]  Loss: 227.7 (244.)  Loss_cat: 1.534 (1.76)  Loss_feat: 222.1 (238.)  Loss_gt: 4.126 (4.45) LR: 3.337e-02
2025-08-29 12:58:49,700 -                train: [    INFO] - Test: [   0/39]  Time: 0.702 (0.702)  Loss:  3.7600 (3.7600)  Acc@1:  9.7656 ( 9.7656)  Acc@5: 38.6719 (38.6719)
2025-08-29 12:59:04,416 -                train: [    INFO] - Test: [  39/39]  Time: 0.029 (0.385)  Loss:  4.0355 (3.9775)  Acc@1:  6.2500 (12.9200)  Acc@5: 37.5000 (36.6700)
2025-08-29 12:59:04,590 - timm.utils.checkpoint_saver: [    INFO] - Current checkpoints:
 ('./output/train/20250829-124618-mobilenetv2_vcaV2-224/checkpoint/checkpoint-2.pth.tar', 12.92)
 ('./output/train/20250829-124618-mobilenetv2_vcaV2-224/checkpoint/checkpoint-1.pth.tar', 2.73)
 ('./output/train/20250829-124618-mobilenetv2_vcaV2-224/checkpoint/checkpoint-0.pth.tar', 1.01)

2025-08-29 12:59:05,893 -                train: [    INFO] - Train: 3 [   0/391 (  0%)]  Loss: 230.7 (231.)  Loss_cat: 1.572 (1.57)  Loss_feat: 225.1 (225.)  Loss_gt: 4.039 (4.04) LR: 5.000e-02
2025-08-29 13:00:59,824 -                train: [    INFO] - Train: 3 [ 200/391 ( 51%)]  Loss: 227.3 (232.)  Loss_cat: 1.570 (1.60)  Loss_feat: 221.8 (226.)  Loss_gt: 3.919 (4.05) LR: 5.000e-02
2025-08-29 13:02:44,931 -                train: [    INFO] - Train: 3 [ 390/391 (100%)]  Loss: 215.9 (228.)  Loss_cat: 1.400 (1.55)  Loss_feat: 210.8 (223.)  Loss_gt: 3.674 (3.95) LR: 5.000e-02
2025-08-29 13:02:45,783 -                train: [    INFO] - Test: [   0/39]  Time: 0.778 (0.778)  Loss:  3.1231 (3.1231)  Acc@1: 27.3438 (27.3438)  Acc@5: 55.0781 (55.0781)
2025-08-29 13:03:06,480 -                train: [    INFO] - Test: [  39/39]  Time: 0.032 (0.537)  Loss:  4.5034 (3.6537)  Acc@1:  0.0000 (17.8400)  Acc@5: 12.5000 (44.1900)
2025-08-29 13:03:06,665 - timm.utils.checkpoint_saver: [    INFO] - Current checkpoints:
 ('./output/train/20250829-124618-mobilenetv2_vcaV2-224/checkpoint/checkpoint-3.pth.tar', 17.84)
 ('./output/train/20250829-124618-mobilenetv2_vcaV2-224/checkpoint/checkpoint-2.pth.tar', 12.92)
 ('./output/train/20250829-124618-mobilenetv2_vcaV2-224/checkpoint/checkpoint-1.pth.tar', 2.73)
 ('./output/train/20250829-124618-mobilenetv2_vcaV2-224/checkpoint/checkpoint-0.pth.tar', 1.01)

2025-08-29 13:03:08,051 -                train: [    INFO] - Train: 4 [   0/391 (  0%)]  Loss: 220.2 (220.)  Loss_cat: 1.431 (1.43)  Loss_feat: 215.1 (215.)  Loss_gt: 3.694 (3.69) LR: 5.000e-02
2025-08-29 13:05:10,635 -                train: [    INFO] - Train: 4 [ 200/391 ( 51%)]  Loss: 213.7 (219.)  Loss_cat: 1.397 (1.43)  Loss_feat: 208.7 (214.)  Loss_gt: 3.599 (3.66) LR: 5.000e-02
2025-08-29 13:07:02,679 -                train: [    INFO] - Train: 4 [ 390/391 (100%)]  Loss: 218.0 (217.)  Loss_cat: 1.448 (1.41)  Loss_feat: 212.9 (212.)  Loss_gt: 3.685 (3.61) LR: 5.000e-02
2025-08-29 13:07:03,527 -                train: [    INFO] - Test: [   0/39]  Time: 0.771 (0.771)  Loss:  3.0114 (3.0114)  Acc@1: 31.6406 (31.6406)  Acc@5: 61.7188 (61.7188)
2025-08-29 13:07:19,434 -                train: [    INFO] - Test: [  39/39]  Time: 0.025 (0.417)  Loss:  3.7311 (3.3944)  Acc@1: 18.7500 (23.2700)  Acc@5: 62.5000 (52.2400)
2025-08-29 13:07:19,649 - timm.utils.checkpoint_saver: [    INFO] - Current checkpoints:
 ('./output/train/20250829-124618-mobilenetv2_vcaV2-224/checkpoint/checkpoint-4.pth.tar', 23.27)
 ('./output/train/20250829-124618-mobilenetv2_vcaV2-224/checkpoint/checkpoint-3.pth.tar', 17.84)
 ('./output/train/20250829-124618-mobilenetv2_vcaV2-224/checkpoint/checkpoint-2.pth.tar', 12.92)
 ('./output/train/20250829-124618-mobilenetv2_vcaV2-224/checkpoint/checkpoint-1.pth.tar', 2.73)
 ('./output/train/20250829-124618-mobilenetv2_vcaV2-224/checkpoint/checkpoint-0.pth.tar', 1.01)

2025-08-29 13:07:20,956 -                train: [    INFO] - Train: 5 [   0/391 (  0%)]  Loss: 210.4 (210.)  Loss_cat: 1.325 (1.33)  Loss_feat: 205.6 (206.)  Loss_gt: 3.466 (3.47) LR: 5.000e-02
2025-08-29 13:09:16,082 -                train: [    INFO] - Train: 5 [ 200/391 ( 51%)]  Loss: 210.0 (211.)  Loss_cat: 1.332 (1.34)  Loss_feat: 205.2 (206.)  Loss_gt: 3.474 (3.44) LR: 5.000e-02
2025-08-29 13:11:36,593 -                train: [    INFO] - Train: 5 [ 390/391 (100%)]  Loss: 211.6 (210.)  Loss_cat: 1.319 (1.32)  Loss_feat: 206.9 (205.)  Loss_gt: 3.430 (3.40) LR: 5.000e-02
2025-08-29 13:11:38,293 -                train: [    INFO] - Test: [   0/39]  Time: 0.765 (0.765)  Loss:  3.2784 (3.2784)  Acc@1: 25.7812 (25.7812)  Acc@5: 48.8281 (48.8281)
2025-08-29 13:11:53,918 -                train: [    INFO] - Test: [  39/39]  Time: 0.029 (0.410)  Loss:  3.4779 (3.3098)  Acc@1: 12.5000 (24.7900)  Acc@5: 50.0000 (53.4100)
2025-08-29 13:11:54,169 - timm.utils.checkpoint_saver: [    INFO] - Current checkpoints:
 ('./output/train/20250829-124618-mobilenetv2_vcaV2-224/checkpoint/checkpoint-5.pth.tar', 24.79)
 ('./output/train/20250829-124618-mobilenetv2_vcaV2-224/checkpoint/checkpoint-4.pth.tar', 23.27)
 ('./output/train/20250829-124618-mobilenetv2_vcaV2-224/checkpoint/checkpoint-3.pth.tar', 17.84)
 ('./output/train/20250829-124618-mobilenetv2_vcaV2-224/checkpoint/checkpoint-2.pth.tar', 12.92)
 ('./output/train/20250829-124618-mobilenetv2_vcaV2-224/checkpoint/checkpoint-1.pth.tar', 2.73)
 ('./output/train/20250829-124618-mobilenetv2_vcaV2-224/checkpoint/checkpoint-0.pth.tar', 1.01)

2025-08-29 13:11:55,436 -                train: [    INFO] - Train: 6 [   0/391 (  0%)]  Loss: 207.6 (208.)  Loss_cat: 1.270 (1.27)  Loss_feat: 202.9 (203.)  Loss_gt: 3.434 (3.43) LR: 5.000e-02
2025-08-29 13:13:48,811 -                train: [    INFO] - Train: 6 [ 200/391 ( 51%)]  Loss: 204.0 (205.)  Loss_cat: 1.264 (1.26)  Loss_feat: 199.5 (201.)  Loss_gt: 3.236 (3.29) LR: 5.000e-02
2025-08-29 13:15:34,273 -                train: [    INFO] - Train: 6 [ 390/391 (100%)]  Loss: 203.3 (205.)  Loss_cat: 1.235 (1.26)  Loss_feat: 198.9 (200.)  Loss_gt: 3.144 (3.28) LR: 5.000e-02
2025-08-29 13:15:35,136 -                train: [    INFO] - Test: [   0/39]  Time: 0.796 (0.796)  Loss:  3.2324 (3.2324)  Acc@1: 25.0000 (25.0000)  Acc@5: 49.2188 (49.2188)
2025-08-29 13:15:50,278 -                train: [    INFO] - Test: [  39/39]  Time: 0.026 (0.398)  Loss:  3.1638 (3.3111)  Acc@1: 25.0000 (25.0700)  Acc@5: 56.2500 (52.3500)
2025-08-29 13:15:50,446 - timm.utils.checkpoint_saver: [    INFO] - Current checkpoints:
 ('./output/train/20250829-124618-mobilenetv2_vcaV2-224/checkpoint/checkpoint-6.pth.tar', 25.07)
 ('./output/train/20250829-124618-mobilenetv2_vcaV2-224/checkpoint/checkpoint-5.pth.tar', 24.79)
 ('./output/train/20250829-124618-mobilenetv2_vcaV2-224/checkpoint/checkpoint-4.pth.tar', 23.27)
 ('./output/train/20250829-124618-mobilenetv2_vcaV2-224/checkpoint/checkpoint-3.pth.tar', 17.84)
 ('./output/train/20250829-124618-mobilenetv2_vcaV2-224/checkpoint/checkpoint-2.pth.tar', 12.92)
 ('./output/train/20250829-124618-mobilenetv2_vcaV2-224/checkpoint/checkpoint-1.pth.tar', 2.73)
 ('./output/train/20250829-124618-mobilenetv2_vcaV2-224/checkpoint/checkpoint-0.pth.tar', 1.01)

2025-08-29 13:15:51,737 -                train: [    INFO] - Train: 7 [   0/391 (  0%)]  Loss: 204.9 (205.)  Loss_cat: 1.254 (1.25)  Loss_feat: 200.5 (200.)  Loss_gt: 3.217 (3.22) LR: 5.000e-02
2025-08-29 13:17:41,454 -                train: [    INFO] - Train: 7 [ 200/391 ( 51%)]  Loss: 198.8 (201.)  Loss_cat: 1.215 (1.22)  Loss_feat: 194.5 (196.)  Loss_gt: 3.107 (3.18) LR: 5.000e-02
2025-08-29 13:19:44,018 -                train: [    INFO] - Train: 7 [ 390/391 (100%)]  Loss: 199.6 (200.)  Loss_cat: 1.193 (1.21)  Loss_feat: 195.2 (196.)  Loss_gt: 3.236 (3.18) LR: 5.000e-02
2025-08-29 13:19:45,165 -                train: [    INFO] - Test: [   0/39]  Time: 1.022 (1.022)  Loss:  3.1831 (3.1831)  Acc@1: 32.0312 (32.0312)  Acc@5: 58.9844 (58.9844)
2025-08-29 13:20:07,267 -                train: [    INFO] - Test: [  39/39]  Time: 1.156 (0.578)  Loss:  2.4973 (2.9868)  Acc@1: 37.5000 (31.0500)  Acc@5: 87.5000 (60.7800)
2025-08-29 13:20:07,465 - timm.utils.checkpoint_saver: [    INFO] - Current checkpoints:
 ('./output/train/20250829-124618-mobilenetv2_vcaV2-224/checkpoint/checkpoint-7.pth.tar', 31.05)
 ('./output/train/20250829-124618-mobilenetv2_vcaV2-224/checkpoint/checkpoint-6.pth.tar', 25.07)
 ('./output/train/20250829-124618-mobilenetv2_vcaV2-224/checkpoint/checkpoint-5.pth.tar', 24.79)
 ('./output/train/20250829-124618-mobilenetv2_vcaV2-224/checkpoint/checkpoint-4.pth.tar', 23.27)
 ('./output/train/20250829-124618-mobilenetv2_vcaV2-224/checkpoint/checkpoint-3.pth.tar', 17.84)
 ('./output/train/20250829-124618-mobilenetv2_vcaV2-224/checkpoint/checkpoint-2.pth.tar', 12.92)
 ('./output/train/20250829-124618-mobilenetv2_vcaV2-224/checkpoint/checkpoint-1.pth.tar', 2.73)
 ('./output/train/20250829-124618-mobilenetv2_vcaV2-224/checkpoint/checkpoint-0.pth.tar', 1.01)

2025-08-29 13:20:09,076 -                train: [    INFO] - Train: 8 [   0/391 (  0%)]  Loss: 202.3 (202.)  Loss_cat: 1.248 (1.25)  Loss_feat: 197.8 (198.)  Loss_gt: 3.265 (3.26) LR: 5.000e-02
2025-08-29 13:21:59,274 -                train: [    INFO] - Train: 8 [ 200/391 ( 51%)]  Loss: 198.0 (197.)  Loss_cat: 1.193 (1.18)  Loss_feat: 193.6 (193.)  Loss_gt: 3.178 (3.09) LR: 5.000e-02
2025-08-29 13:23:43,474 -                train: [    INFO] - Train: 8 [ 390/391 (100%)]  Loss: 196.7 (197.)  Loss_cat: 1.172 (1.18)  Loss_feat: 192.4 (193.)  Loss_gt: 3.095 (3.10) LR: 5.000e-02
2025-08-29 13:23:44,333 -                train: [    INFO] - Test: [   0/39]  Time: 0.777 (0.777)  Loss:  2.7105 (2.7105)  Acc@1: 40.2344 (40.2344)  Acc@5: 66.4062 (66.4062)
2025-08-29 13:24:08,627 -                train: [    INFO] - Test: [  39/39]  Time: 0.054 (0.627)  Loss:  2.8048 (2.9724)  Acc@1: 50.0000 (31.1900)  Acc@5: 75.0000 (60.8800)
2025-08-29 13:24:09,071 - timm.utils.checkpoint_saver: [    INFO] - Current checkpoints:
 ('./output/train/20250829-124618-mobilenetv2_vcaV2-224/checkpoint/checkpoint-8.pth.tar', 31.19)
 ('./output/train/20250829-124618-mobilenetv2_vcaV2-224/checkpoint/checkpoint-7.pth.tar', 31.05)
 ('./output/train/20250829-124618-mobilenetv2_vcaV2-224/checkpoint/checkpoint-6.pth.tar', 25.07)
 ('./output/train/20250829-124618-mobilenetv2_vcaV2-224/checkpoint/checkpoint-5.pth.tar', 24.79)
 ('./output/train/20250829-124618-mobilenetv2_vcaV2-224/checkpoint/checkpoint-4.pth.tar', 23.27)
 ('./output/train/20250829-124618-mobilenetv2_vcaV2-224/checkpoint/checkpoint-3.pth.tar', 17.84)
 ('./output/train/20250829-124618-mobilenetv2_vcaV2-224/checkpoint/checkpoint-2.pth.tar', 12.92)
 ('./output/train/20250829-124618-mobilenetv2_vcaV2-224/checkpoint/checkpoint-1.pth.tar', 2.73)
 ('./output/train/20250829-124618-mobilenetv2_vcaV2-224/checkpoint/checkpoint-0.pth.tar', 1.01)

2025-08-29 13:24:10,907 -                train: [    INFO] - Train: 9 [   0/391 (  0%)]  Loss: 194.2 (194.)  Loss_cat: 1.167 (1.17)  Loss_feat: 190.2 (190.)  Loss_gt: 2.837 (2.84) LR: 5.000e-02
2025-08-29 13:26:01,889 -                train: [    INFO] - Train: 9 [ 200/391 ( 51%)]  Loss: 196.5 (195.)  Loss_cat: 1.191 (1.15)  Loss_feat: 192.2 (190.)  Loss_gt: 3.112 (3.03) LR: 5.000e-02
2025-08-29 13:27:45,500 -                train: [    INFO] - Train: 9 [ 390/391 (100%)]  Loss: 197.4 (194.)  Loss_cat: 1.196 (1.15)  Loss_feat: 193.2 (190.)  Loss_gt: 3.007 (3.04) LR: 5.000e-02
2025-08-29 13:27:46,347 -                train: [    INFO] - Test: [   0/39]  Time: 0.786 (0.786)  Loss:  2.0384 (2.0384)  Acc@1: 51.5625 (51.5625)  Acc@5: 79.6875 (79.6875)
2025-08-29 13:28:25,233 -                train: [    INFO] - Test: [  39/39]  Time: 0.026 (0.992)  Loss:  2.7628 (2.8065)  Acc@1: 25.0000 (35.1400)  Acc@5: 62.5000 (63.8200)
2025-08-29 13:28:25,405 - timm.utils.checkpoint_saver: [    INFO] - Current checkpoints:
 ('./output/train/20250829-124618-mobilenetv2_vcaV2-224/checkpoint/checkpoint-9.pth.tar', 35.14)
 ('./output/train/20250829-124618-mobilenetv2_vcaV2-224/checkpoint/checkpoint-8.pth.tar', 31.19)
 ('./output/train/20250829-124618-mobilenetv2_vcaV2-224/checkpoint/checkpoint-7.pth.tar', 31.05)
 ('./output/train/20250829-124618-mobilenetv2_vcaV2-224/checkpoint/checkpoint-6.pth.tar', 25.07)
 ('./output/train/20250829-124618-mobilenetv2_vcaV2-224/checkpoint/checkpoint-5.pth.tar', 24.79)
 ('./output/train/20250829-124618-mobilenetv2_vcaV2-224/checkpoint/checkpoint-4.pth.tar', 23.27)
 ('./output/train/20250829-124618-mobilenetv2_vcaV2-224/checkpoint/checkpoint-3.pth.tar', 17.84)
 ('./output/train/20250829-124618-mobilenetv2_vcaV2-224/checkpoint/checkpoint-2.pth.tar', 12.92)
 ('./output/train/20250829-124618-mobilenetv2_vcaV2-224/checkpoint/checkpoint-1.pth.tar', 2.73)
 ('./output/train/20250829-124618-mobilenetv2_vcaV2-224/checkpoint/checkpoint-0.pth.tar', 1.01)

2025-08-29 13:28:26,686 -                train: [    INFO] - Train: 10 [   0/391 (  0%)]  Loss: 192.7 (193.)  Loss_cat: 1.132 (1.13)  Loss_feat: 188.6 (189.)  Loss_gt: 2.968 (2.97) LR: 5.000e-02
2025-08-29 13:30:15,795 -                train: [    INFO] - Train: 10 [ 200/391 ( 51%)]  Loss: 192.3 (192.)  Loss_cat: 1.138 (1.12)  Loss_feat: 188.2 (188.)  Loss_gt: 2.959 (2.98) LR: 5.000e-02
2025-08-29 13:31:59,266 -                train: [    INFO] - Train: 10 [ 390/391 (100%)]  Loss: 184.8 (192.)  Loss_cat: 1.055 (1.12)  Loss_feat: 180.9 (188.)  Loss_gt: 2.815 (2.98) LR: 5.000e-02
2025-08-29 13:32:00,106 -                train: [    INFO] - Test: [   0/39]  Time: 0.781 (0.781)  Loss:  3.9453 (3.9453)  Acc@1: 17.5781 (17.5781)  Acc@5: 33.5938 (33.5938)
2025-08-29 13:32:20,477 -                train: [    INFO] - Test: [  39/39]  Time: 0.027 (0.529)  Loss:  3.1802 (3.2348)  Acc@1: 12.5000 (28.0100)  Acc@5: 75.0000 (55.3700)
2025-08-29 13:32:20,724 - timm.utils.checkpoint_saver: [    INFO] - Current checkpoints:
 ('./output/train/20250829-124618-mobilenetv2_vcaV2-224/checkpoint/checkpoint-9.pth.tar', 35.14)
 ('./output/train/20250829-124618-mobilenetv2_vcaV2-224/checkpoint/checkpoint-8.pth.tar', 31.19)
 ('./output/train/20250829-124618-mobilenetv2_vcaV2-224/checkpoint/checkpoint-7.pth.tar', 31.05)
 ('./output/train/20250829-124618-mobilenetv2_vcaV2-224/checkpoint/checkpoint-10.pth.tar', 28.01)
 ('./output/train/20250829-124618-mobilenetv2_vcaV2-224/checkpoint/checkpoint-6.pth.tar', 25.07)
 ('./output/train/20250829-124618-mobilenetv2_vcaV2-224/checkpoint/checkpoint-5.pth.tar', 24.79)
 ('./output/train/20250829-124618-mobilenetv2_vcaV2-224/checkpoint/checkpoint-4.pth.tar', 23.27)
 ('./output/train/20250829-124618-mobilenetv2_vcaV2-224/checkpoint/checkpoint-3.pth.tar', 17.84)
 ('./output/train/20250829-124618-mobilenetv2_vcaV2-224/checkpoint/checkpoint-2.pth.tar', 12.92)
 ('./output/train/20250829-124618-mobilenetv2_vcaV2-224/checkpoint/checkpoint-1.pth.tar', 2.73)

2025-08-29 13:32:22,083 -                train: [    INFO] - Train: 11 [   0/391 (  0%)]  Loss: 184.8 (185.)  Loss_cat: 1.044 (1.04)  Loss_feat: 181.0 (181.)  Loss_gt: 2.802 (2.80) LR: 5.000e-02
2025-08-29 13:34:11,435 -                train: [    INFO] - Train: 11 [ 200/391 ( 51%)]  Loss: 188.5 (190.)  Loss_cat: 1.091 (1.11)  Loss_feat: 184.5 (186.)  Loss_gt: 2.940 (2.94) LR: 5.000e-02
2025-08-29 13:35:55,668 -                train: [    INFO] - Train: 11 [ 390/391 (100%)]  Loss: 189.6 (190.)  Loss_cat: 1.105 (1.11)  Loss_feat: 185.7 (186.)  Loss_gt: 2.772 (2.94) LR: 5.000e-02
2025-08-29 13:35:56,524 -                train: [    INFO] - Test: [   0/39]  Time: 0.790 (0.790)  Loss:  2.5983 (2.5983)  Acc@1: 39.0625 (39.0625)  Acc@5: 64.0625 (64.0625)
2025-08-29 13:36:17,831 -                train: [    INFO] - Test: [  39/39]  Time: 0.031 (0.552)  Loss:  2.8189 (2.8420)  Acc@1: 18.7500 (35.3400)  Acc@5: 68.7500 (63.2500)
2025-08-29 13:36:18,097 - timm.utils.checkpoint_saver: [    INFO] - Current checkpoints:
 ('./output/train/20250829-124618-mobilenetv2_vcaV2-224/checkpoint/checkpoint-11.pth.tar', 35.34)
 ('./output/train/20250829-124618-mobilenetv2_vcaV2-224/checkpoint/checkpoint-9.pth.tar', 35.14)
 ('./output/train/20250829-124618-mobilenetv2_vcaV2-224/checkpoint/checkpoint-8.pth.tar', 31.19)
 ('./output/train/20250829-124618-mobilenetv2_vcaV2-224/checkpoint/checkpoint-7.pth.tar', 31.05)
 ('./output/train/20250829-124618-mobilenetv2_vcaV2-224/checkpoint/checkpoint-10.pth.tar', 28.01)
 ('./output/train/20250829-124618-mobilenetv2_vcaV2-224/checkpoint/checkpoint-6.pth.tar', 25.07)
 ('./output/train/20250829-124618-mobilenetv2_vcaV2-224/checkpoint/checkpoint-5.pth.tar', 24.79)
 ('./output/train/20250829-124618-mobilenetv2_vcaV2-224/checkpoint/checkpoint-4.pth.tar', 23.27)
 ('./output/train/20250829-124618-mobilenetv2_vcaV2-224/checkpoint/checkpoint-3.pth.tar', 17.84)
 ('./output/train/20250829-124618-mobilenetv2_vcaV2-224/checkpoint/checkpoint-2.pth.tar', 12.92)

2025-08-29 13:36:19,847 -                train: [    INFO] - Train: 12 [   0/391 (  0%)]  Loss: 185.1 (185.)  Loss_cat: 1.061 (1.06)  Loss_feat: 181.3 (181.)  Loss_gt: 2.727 (2.73) LR: 5.000e-02
2025-08-29 13:38:14,453 -                train: [    INFO] - Train: 12 [ 200/391 ( 51%)]  Loss: 188.0 (189.)  Loss_cat: 1.108 (1.09)  Loss_feat: 184.0 (185.)  Loss_gt: 2.896 (2.90) LR: 5.000e-02
2025-08-29 13:40:02,389 -                train: [    INFO] - Train: 12 [ 390/391 (100%)]  Loss: 184.9 (189.)  Loss_cat: 1.054 (1.09)  Loss_feat: 181.1 (185.)  Loss_gt: 2.756 (2.91) LR: 5.000e-02
2025-08-29 13:40:03,226 -                train: [    INFO] - Test: [   0/39]  Time: 0.764 (0.764)  Loss:  2.9637 (2.9637)  Acc@1: 38.6719 (38.6719)  Acc@5: 56.6406 (56.6406)
2025-08-29 13:40:23,030 -                train: [    INFO] - Test: [  39/39]  Time: 0.035 (0.514)  Loss:  2.3488 (2.8403)  Acc@1: 37.5000 (35.2900)  Acc@5: 75.0000 (63.2100)
2025-08-29 13:40:23,180 - timm.utils.checkpoint_saver: [    INFO] - Current checkpoints:
 ('./output/train/20250829-124618-mobilenetv2_vcaV2-224/checkpoint/checkpoint-11.pth.tar', 35.34)
 ('./output/train/20250829-124618-mobilenetv2_vcaV2-224/checkpoint/checkpoint-12.pth.tar', 35.29)
 ('./output/train/20250829-124618-mobilenetv2_vcaV2-224/checkpoint/checkpoint-9.pth.tar', 35.14)
 ('./output/train/20250829-124618-mobilenetv2_vcaV2-224/checkpoint/checkpoint-8.pth.tar', 31.19)
 ('./output/train/20250829-124618-mobilenetv2_vcaV2-224/checkpoint/checkpoint-7.pth.tar', 31.05)
 ('./output/train/20250829-124618-mobilenetv2_vcaV2-224/checkpoint/checkpoint-10.pth.tar', 28.01)
 ('./output/train/20250829-124618-mobilenetv2_vcaV2-224/checkpoint/checkpoint-6.pth.tar', 25.07)
 ('./output/train/20250829-124618-mobilenetv2_vcaV2-224/checkpoint/checkpoint-5.pth.tar', 24.79)
 ('./output/train/20250829-124618-mobilenetv2_vcaV2-224/checkpoint/checkpoint-4.pth.tar', 23.27)
 ('./output/train/20250829-124618-mobilenetv2_vcaV2-224/checkpoint/checkpoint-3.pth.tar', 17.84)

2025-08-29 13:40:24,766 -                train: [    INFO] - Train: 13 [   0/391 (  0%)]  Loss: 184.9 (185.)  Loss_cat: 1.041 (1.04)  Loss_feat: 181.2 (181.)  Loss_gt: 2.738 (2.74) LR: 5.000e-02
2025-08-29 13:42:15,214 -                train: [    INFO] - Train: 13 [ 200/391 ( 51%)]  Loss: 186.7 (187.)  Loss_cat: 1.066 (1.07)  Loss_feat: 182.9 (183.)  Loss_gt: 2.793 (2.87) LR: 5.000e-02
2025-08-29 13:44:01,240 -                train: [    INFO] - Train: 13 [ 390/391 (100%)]  Loss: 191.3 (188.)  Loss_cat: 1.118 (1.08)  Loss_feat: 187.2 (184.)  Loss_gt: 3.004 (2.88) LR: 5.000e-02
2025-08-29 13:44:02,078 -                train: [    INFO] - Test: [   0/39]  Time: 0.770 (0.770)  Loss:  2.1610 (2.1610)  Acc@1: 52.3438 (52.3438)  Acc@5: 75.0000 (75.0000)
2025-08-29 13:44:19,833 -                train: [    INFO] - Test: [  39/39]  Time: 0.028 (0.463)  Loss:  3.5351 (2.8591)  Acc@1: 18.7500 (34.6000)  Acc@5: 50.0000 (63.3100)
2025-08-29 13:44:20,063 - timm.utils.checkpoint_saver: [    INFO] - Current checkpoints:
 ('./output/train/20250829-124618-mobilenetv2_vcaV2-224/checkpoint/checkpoint-11.pth.tar', 35.34)
 ('./output/train/20250829-124618-mobilenetv2_vcaV2-224/checkpoint/checkpoint-12.pth.tar', 35.29)
 ('./output/train/20250829-124618-mobilenetv2_vcaV2-224/checkpoint/checkpoint-9.pth.tar', 35.14)
 ('./output/train/20250829-124618-mobilenetv2_vcaV2-224/checkpoint/checkpoint-13.pth.tar', 34.6)
 ('./output/train/20250829-124618-mobilenetv2_vcaV2-224/checkpoint/checkpoint-8.pth.tar', 31.19)
 ('./output/train/20250829-124618-mobilenetv2_vcaV2-224/checkpoint/checkpoint-7.pth.tar', 31.05)
 ('./output/train/20250829-124618-mobilenetv2_vcaV2-224/checkpoint/checkpoint-10.pth.tar', 28.01)
 ('./output/train/20250829-124618-mobilenetv2_vcaV2-224/checkpoint/checkpoint-6.pth.tar', 25.07)
 ('./output/train/20250829-124618-mobilenetv2_vcaV2-224/checkpoint/checkpoint-5.pth.tar', 24.79)
 ('./output/train/20250829-124618-mobilenetv2_vcaV2-224/checkpoint/checkpoint-4.pth.tar', 23.27)

2025-08-29 13:44:21,376 -                train: [    INFO] - Train: 14 [   0/391 (  0%)]  Loss: 182.0 (182.)  Loss_cat: 1.037 (1.04)  Loss_feat: 178.2 (178.)  Loss_gt: 2.738 (2.74) LR: 5.000e-02
2025-08-29 13:46:14,590 -                train: [    INFO] - Train: 14 [ 200/391 ( 51%)]  Loss: 185.1 (186.)  Loss_cat: 1.070 (1.06)  Loss_feat: 181.2 (182.)  Loss_gt: 2.854 (2.85) LR: 5.000e-02
2025-08-29 13:48:00,557 -                train: [    INFO] - Train: 14 [ 390/391 (100%)]  Loss: 191.4 (186.)  Loss_cat: 1.141 (1.07)  Loss_feat: 187.4 (182.)  Loss_gt: 2.858 (2.86) LR: 5.000e-02
2025-08-29 13:48:01,437 -                train: [    INFO] - Test: [   0/39]  Time: 0.800 (0.800)  Loss:  2.4324 (2.4324)  Acc@1: 43.3594 (43.3594)  Acc@5: 67.5781 (67.5781)
2025-08-29 13:48:19,399 -                train: [    INFO] - Test: [  39/39]  Time: 0.028 (0.469)  Loss:  2.5307 (2.8032)  Acc@1: 25.0000 (36.0700)  Acc@5: 75.0000 (64.3400)
2025-08-29 13:48:19,613 - timm.utils.checkpoint_saver: [    INFO] - Current checkpoints:
 ('./output/train/20250829-124618-mobilenetv2_vcaV2-224/checkpoint/checkpoint-14.pth.tar', 36.07)
 ('./output/train/20250829-124618-mobilenetv2_vcaV2-224/checkpoint/checkpoint-11.pth.tar', 35.34)
 ('./output/train/20250829-124618-mobilenetv2_vcaV2-224/checkpoint/checkpoint-12.pth.tar', 35.29)
 ('./output/train/20250829-124618-mobilenetv2_vcaV2-224/checkpoint/checkpoint-9.pth.tar', 35.14)
 ('./output/train/20250829-124618-mobilenetv2_vcaV2-224/checkpoint/checkpoint-13.pth.tar', 34.6)
 ('./output/train/20250829-124618-mobilenetv2_vcaV2-224/checkpoint/checkpoint-8.pth.tar', 31.19)
 ('./output/train/20250829-124618-mobilenetv2_vcaV2-224/checkpoint/checkpoint-7.pth.tar', 31.05)
 ('./output/train/20250829-124618-mobilenetv2_vcaV2-224/checkpoint/checkpoint-10.pth.tar', 28.01)
 ('./output/train/20250829-124618-mobilenetv2_vcaV2-224/checkpoint/checkpoint-6.pth.tar', 25.07)
 ('./output/train/20250829-124618-mobilenetv2_vcaV2-224/checkpoint/checkpoint-5.pth.tar', 24.79)

2025-08-29 13:48:20,913 -                train: [    INFO] - Train: 15 [   0/391 (  0%)]  Loss: 180.6 (181.)  Loss_cat: 1.009 (1.01)  Loss_feat: 176.8 (177.)  Loss_gt: 2.750 (2.75) LR: 5.000e-02
2025-08-29 13:50:12,174 -                train: [    INFO] - Train: 15 [ 200/391 ( 51%)]  Loss: 183.3 (185.)  Loss_cat: 1.068 (1.05)  Loss_feat: 179.5 (181.)  Loss_gt: 2.781 (2.83) LR: 5.000e-02
2025-08-29 13:52:00,155 -                train: [    INFO] - Train: 15 [ 390/391 (100%)]  Loss: 183.7 (185.)  Loss_cat: 1.062 (1.05)  Loss_feat: 179.8 (181.)  Loss_gt: 2.897 (2.84) LR: 5.000e-02
2025-08-29 13:52:00,938 -                train: [    INFO] - Test: [   0/39]  Time: 0.714 (0.714)  Loss:  2.4219 (2.4219)  Acc@1: 44.1406 (44.1406)  Acc@5: 67.9688 (67.9688)
2025-08-29 13:52:16,006 -                train: [    INFO] - Test: [  39/39]  Time: 0.029 (0.395)  Loss:  3.3074 (3.1085)  Acc@1: 18.7500 (31.2600)  Acc@5: 62.5000 (57.9300)
2025-08-29 13:52:16,190 - timm.utils.checkpoint_saver: [    INFO] - Current checkpoints:
 ('./output/train/20250829-124618-mobilenetv2_vcaV2-224/checkpoint/checkpoint-14.pth.tar', 36.07)
 ('./output/train/20250829-124618-mobilenetv2_vcaV2-224/checkpoint/checkpoint-11.pth.tar', 35.34)
 ('./output/train/20250829-124618-mobilenetv2_vcaV2-224/checkpoint/checkpoint-12.pth.tar', 35.29)
 ('./output/train/20250829-124618-mobilenetv2_vcaV2-224/checkpoint/checkpoint-9.pth.tar', 35.14)
 ('./output/train/20250829-124618-mobilenetv2_vcaV2-224/checkpoint/checkpoint-13.pth.tar', 34.6)
 ('./output/train/20250829-124618-mobilenetv2_vcaV2-224/checkpoint/checkpoint-15.pth.tar', 31.26)
 ('./output/train/20250829-124618-mobilenetv2_vcaV2-224/checkpoint/checkpoint-8.pth.tar', 31.19)
 ('./output/train/20250829-124618-mobilenetv2_vcaV2-224/checkpoint/checkpoint-7.pth.tar', 31.05)
 ('./output/train/20250829-124618-mobilenetv2_vcaV2-224/checkpoint/checkpoint-10.pth.tar', 28.01)
 ('./output/train/20250829-124618-mobilenetv2_vcaV2-224/checkpoint/checkpoint-6.pth.tar', 25.07)

2025-08-29 13:52:17,564 -                train: [    INFO] - Train: 16 [   0/391 (  0%)]  Loss: 186.6 (187.)  Loss_cat: 1.079 (1.08)  Loss_feat: 182.8 (183.)  Loss_gt: 2.727 (2.73) LR: 5.000e-02
2025-08-29 13:54:07,973 -                train: [    INFO] - Train: 16 [ 200/391 ( 51%)]  Loss: 188.2 (184.)  Loss_cat: 1.068 (1.04)  Loss_feat: 184.2 (180.)  Loss_gt: 2.986 (2.80) LR: 5.000e-02
2025-08-29 13:55:53,467 -                train: [    INFO] - Train: 16 [ 390/391 (100%)]  Loss: 178.9 (184.)  Loss_cat: 0.9999 (1.05)  Loss_feat: 175.3 (180.)  Loss_gt: 2.534 (2.82) LR: 5.000e-02
2025-08-29 13:55:54,466 -                train: [    INFO] - Test: [   0/39]  Time: 0.922 (0.922)  Loss:  2.9220 (2.9220)  Acc@1: 34.7656 (34.7656)  Acc@5: 59.7656 (59.7656)
2025-08-29 13:56:14,100 -                train: [    INFO] - Test: [  39/39]  Time: 0.034 (0.514)  Loss:  2.6320 (2.7912)  Acc@1: 37.5000 (35.9900)  Acc@5: 75.0000 (64.1700)
2025-08-29 13:56:14,274 - timm.utils.checkpoint_saver: [    INFO] - Current checkpoints:
 ('./output/train/20250829-124618-mobilenetv2_vcaV2-224/checkpoint/checkpoint-14.pth.tar', 36.07)
 ('./output/train/20250829-124618-mobilenetv2_vcaV2-224/checkpoint/checkpoint-16.pth.tar', 35.99)
 ('./output/train/20250829-124618-mobilenetv2_vcaV2-224/checkpoint/checkpoint-11.pth.tar', 35.34)
 ('./output/train/20250829-124618-mobilenetv2_vcaV2-224/checkpoint/checkpoint-12.pth.tar', 35.29)
 ('./output/train/20250829-124618-mobilenetv2_vcaV2-224/checkpoint/checkpoint-9.pth.tar', 35.14)
 ('./output/train/20250829-124618-mobilenetv2_vcaV2-224/checkpoint/checkpoint-13.pth.tar', 34.6)
 ('./output/train/20250829-124618-mobilenetv2_vcaV2-224/checkpoint/checkpoint-15.pth.tar', 31.26)
 ('./output/train/20250829-124618-mobilenetv2_vcaV2-224/checkpoint/checkpoint-8.pth.tar', 31.19)
 ('./output/train/20250829-124618-mobilenetv2_vcaV2-224/checkpoint/checkpoint-7.pth.tar', 31.05)
 ('./output/train/20250829-124618-mobilenetv2_vcaV2-224/checkpoint/checkpoint-10.pth.tar', 28.01)

2025-08-29 13:56:15,692 -                train: [    INFO] - Train: 17 [   0/391 (  0%)]  Loss: 183.1 (183.)  Loss_cat: 1.020 (1.02)  Loss_feat: 179.3 (179.)  Loss_gt: 2.797 (2.80) LR: 5.000e-02
2025-08-29 13:58:11,044 -                train: [    INFO] - Train: 17 [ 200/391 ( 51%)]  Loss: 182.4 (183.)  Loss_cat: 1.025 (1.03)  Loss_feat: 178.5 (179.)  Loss_gt: 2.837 (2.79) LR: 5.000e-02
2025-08-29 13:59:59,460 -                train: [    INFO] - Train: 17 [ 390/391 (100%)]  Loss: 188.4 (183.)  Loss_cat: 1.090 (1.04)  Loss_feat: 184.2 (179.)  Loss_gt: 3.154 (2.80) LR: 5.000e-02
2025-08-29 14:00:00,395 -                train: [    INFO] - Test: [   0/39]  Time: 0.854 (0.854)  Loss:  3.2487 (3.2487)  Acc@1: 33.5938 (33.5938)  Acc@5: 50.3906 (50.3906)
2025-08-29 14:00:22,008 -                train: [    INFO] - Test: [  39/39]  Time: 0.027 (0.562)  Loss:  3.7478 (3.0219)  Acc@1: 18.7500 (32.8000)  Acc@5: 43.7500 (59.3300)
2025-08-29 14:00:22,189 - timm.utils.checkpoint_saver: [    INFO] - Current checkpoints:
 ('./output/train/20250829-124618-mobilenetv2_vcaV2-224/checkpoint/checkpoint-14.pth.tar', 36.07)
 ('./output/train/20250829-124618-mobilenetv2_vcaV2-224/checkpoint/checkpoint-16.pth.tar', 35.99)
 ('./output/train/20250829-124618-mobilenetv2_vcaV2-224/checkpoint/checkpoint-11.pth.tar', 35.34)
 ('./output/train/20250829-124618-mobilenetv2_vcaV2-224/checkpoint/checkpoint-12.pth.tar', 35.29)
 ('./output/train/20250829-124618-mobilenetv2_vcaV2-224/checkpoint/checkpoint-9.pth.tar', 35.14)
 ('./output/train/20250829-124618-mobilenetv2_vcaV2-224/checkpoint/checkpoint-13.pth.tar', 34.6)
 ('./output/train/20250829-124618-mobilenetv2_vcaV2-224/checkpoint/checkpoint-17.pth.tar', 32.8)
 ('./output/train/20250829-124618-mobilenetv2_vcaV2-224/checkpoint/checkpoint-15.pth.tar', 31.26)
 ('./output/train/20250829-124618-mobilenetv2_vcaV2-224/checkpoint/checkpoint-8.pth.tar', 31.19)
 ('./output/train/20250829-124618-mobilenetv2_vcaV2-224/checkpoint/checkpoint-7.pth.tar', 31.05)

2025-08-29 14:00:23,618 -                train: [    INFO] - Train: 18 [   0/391 (  0%)]  Loss: 181.2 (181.)  Loss_cat: 1.022 (1.02)  Loss_feat: 177.3 (177.)  Loss_gt: 2.882 (2.88) LR: 5.000e-02
2025-08-29 14:02:14,559 -                train: [    INFO] - Train: 18 [ 200/391 ( 51%)]  Loss: 180.6 (182.)  Loss_cat: 1.015 (1.03)  Loss_feat: 176.8 (178.)  Loss_gt: 2.850 (2.77) LR: 5.000e-02
2025-08-29 14:04:00,637 -                train: [    INFO] - Train: 18 [ 390/391 (100%)]  Loss: 187.6 (182.)  Loss_cat: 1.089 (1.03)  Loss_feat: 183.6 (178.)  Loss_gt: 2.925 (2.79) LR: 5.000e-02
2025-08-29 14:04:01,491 -                train: [    INFO] - Test: [   0/39]  Time: 0.775 (0.775)  Loss:  2.0916 (2.0916)  Acc@1: 51.5625 (51.5625)  Acc@5: 74.6094 (74.6094)
2025-08-29 14:04:26,413 -                train: [    INFO] - Test: [  39/39]  Time: 0.027 (0.642)  Loss:  2.4647 (2.6202)  Acc@1: 31.2500 (39.9200)  Acc@5: 75.0000 (67.6700)
2025-08-29 14:04:26,613 - timm.utils.checkpoint_saver: [    INFO] - Current checkpoints:
 ('./output/train/20250829-124618-mobilenetv2_vcaV2-224/checkpoint/checkpoint-18.pth.tar', 39.92)
 ('./output/train/20250829-124618-mobilenetv2_vcaV2-224/checkpoint/checkpoint-14.pth.tar', 36.07)
 ('./output/train/20250829-124618-mobilenetv2_vcaV2-224/checkpoint/checkpoint-16.pth.tar', 35.99)
 ('./output/train/20250829-124618-mobilenetv2_vcaV2-224/checkpoint/checkpoint-11.pth.tar', 35.34)
 ('./output/train/20250829-124618-mobilenetv2_vcaV2-224/checkpoint/checkpoint-12.pth.tar', 35.29)
 ('./output/train/20250829-124618-mobilenetv2_vcaV2-224/checkpoint/checkpoint-9.pth.tar', 35.14)
 ('./output/train/20250829-124618-mobilenetv2_vcaV2-224/checkpoint/checkpoint-13.pth.tar', 34.6)
 ('./output/train/20250829-124618-mobilenetv2_vcaV2-224/checkpoint/checkpoint-17.pth.tar', 32.8)
 ('./output/train/20250829-124618-mobilenetv2_vcaV2-224/checkpoint/checkpoint-15.pth.tar', 31.26)
 ('./output/train/20250829-124618-mobilenetv2_vcaV2-224/checkpoint/checkpoint-8.pth.tar', 31.19)

2025-08-29 14:04:27,916 -                train: [    INFO] - Train: 19 [   0/391 (  0%)]  Loss: 181.7 (182.)  Loss_cat: 1.025 (1.03)  Loss_feat: 177.9 (178.)  Loss_gt: 2.807 (2.81) LR: 5.000e-02
2025-08-29 14:06:18,891 -                train: [    INFO] - Train: 19 [ 200/391 ( 51%)]  Loss: 179.0 (181.)  Loss_cat: 1.004 (1.03)  Loss_feat: 175.2 (178.)  Loss_gt: 2.816 (2.77) LR: 5.000e-02
2025-08-29 14:08:04,105 -                train: [    INFO] - Train: 19 [ 390/391 (100%)]  Loss: 180.0 (181.)  Loss_cat: 1.018 (1.03)  Loss_feat: 176.4 (178.)  Loss_gt: 2.629 (2.78) LR: 5.000e-02
2025-08-29 14:08:04,969 -                train: [    INFO] - Test: [   0/39]  Time: 0.782 (0.782)  Loss:  3.7042 (3.7042)  Acc@1: 27.7344 (27.7344)  Acc@5: 40.6250 (40.6250)
2025-08-29 14:08:20,718 -                train: [    INFO] - Test: [  39/39]  Time: 0.035 (0.413)  Loss:  4.1324 (3.1959)  Acc@1: 25.0000 (29.9600)  Acc@5: 43.7500 (56.6400)
2025-08-29 14:08:22,284 -                train: [    INFO] - Train: 20 [   0/391 (  0%)]  Loss: 181.5 (182.)  Loss_cat: 1.044 (1.04)  Loss_feat: 177.8 (178.)  Loss_gt: 2.692 (2.69) LR: 5.000e-02
2025-08-29 14:10:50,443 -                train: [    INFO] - Train: 20 [ 200/391 ( 51%)]  Loss: 180.8 (180.)  Loss_cat: 1.024 (1.01)  Loss_feat: 177.0 (176.)  Loss_gt: 2.796 (2.75) LR: 5.000e-02
2025-08-29 14:12:35,325 -                train: [    INFO] - Train: 20 [ 390/391 (100%)]  Loss: 181.0 (180.)  Loss_cat: 1.058 (1.02)  Loss_feat: 177.3 (177.)  Loss_gt: 2.597 (2.77) LR: 5.000e-02
2025-08-29 14:12:36,147 -                train: [    INFO] - Test: [   0/39]  Time: 0.750 (0.750)  Loss:  3.0964 (3.0964)  Acc@1: 29.6875 (29.6875)  Acc@5: 59.3750 (59.3750)
2025-08-29 14:12:51,516 -                train: [    INFO] - Test: [  39/39]  Time: 0.029 (0.403)  Loss:  4.1792 (3.3573)  Acc@1:  6.2500 (26.6500)  Acc@5: 43.7500 (52.7100)
2025-08-29 14:12:52,972 -                train: [    INFO] - Train: 21 [   0/391 (  0%)]  Loss: 182.4 (182.)  Loss_cat: 1.047 (1.05)  Loss_feat: 178.6 (179.)  Loss_gt: 2.817 (2.82) LR: 5.000e-02
2025-08-29 14:14:42,551 -                train: [    INFO] - Train: 21 [ 200/391 ( 51%)]  Loss: 184.4 (180.)  Loss_cat: 1.061 (1.01)  Loss_feat: 180.5 (176.)  Loss_gt: 2.909 (2.75) LR: 5.000e-02
2025-08-29 14:16:27,045 -                train: [    INFO] - Train: 21 [ 390/391 (100%)]  Loss: 181.1 (180.)  Loss_cat: 1.012 (1.01)  Loss_feat: 177.2 (176.)  Loss_gt: 2.861 (2.76) LR: 5.000e-02
2025-08-29 14:16:27,940 -                train: [    INFO] - Test: [   0/39]  Time: 0.820 (0.820)  Loss:  2.8176 (2.8176)  Acc@1: 40.6250 (40.6250)  Acc@5: 60.5469 (60.5469)
2025-08-29 14:16:43,862 -                train: [    INFO] - Test: [  39/39]  Time: 0.028 (0.419)  Loss:  2.9723 (2.6282)  Acc@1: 25.0000 (39.8000)  Acc@5: 75.0000 (67.4000)
2025-08-29 14:16:44,028 - timm.utils.checkpoint_saver: [    INFO] - Current checkpoints:
 ('./output/train/20250829-124618-mobilenetv2_vcaV2-224/checkpoint/checkpoint-18.pth.tar', 39.92)
 ('./output/train/20250829-124618-mobilenetv2_vcaV2-224/checkpoint/checkpoint-21.pth.tar', 39.8)
 ('./output/train/20250829-124618-mobilenetv2_vcaV2-224/checkpoint/checkpoint-14.pth.tar', 36.07)
 ('./output/train/20250829-124618-mobilenetv2_vcaV2-224/checkpoint/checkpoint-16.pth.tar', 35.99)
 ('./output/train/20250829-124618-mobilenetv2_vcaV2-224/checkpoint/checkpoint-11.pth.tar', 35.34)
 ('./output/train/20250829-124618-mobilenetv2_vcaV2-224/checkpoint/checkpoint-12.pth.tar', 35.29)
 ('./output/train/20250829-124618-mobilenetv2_vcaV2-224/checkpoint/checkpoint-9.pth.tar', 35.14)
 ('./output/train/20250829-124618-mobilenetv2_vcaV2-224/checkpoint/checkpoint-13.pth.tar', 34.6)
 ('./output/train/20250829-124618-mobilenetv2_vcaV2-224/checkpoint/checkpoint-17.pth.tar', 32.8)
 ('./output/train/20250829-124618-mobilenetv2_vcaV2-224/checkpoint/checkpoint-15.pth.tar', 31.26)

2025-08-29 14:16:45,382 -                train: [    INFO] - Train: 22 [   0/391 (  0%)]  Loss: 180.7 (181.)  Loss_cat: 1.016 (1.02)  Loss_feat: 176.9 (177.)  Loss_gt: 2.758 (2.76) LR: 5.000e-02
2025-08-29 14:18:36,146 -                train: [    INFO] - Train: 22 [ 200/391 ( 51%)]  Loss: 178.4 (178.)  Loss_cat: 1.014 (1.00)  Loss_feat: 174.7 (174.)  Loss_gt: 2.655 (2.72) LR: 5.000e-02
2025-08-29 14:20:21,252 -                train: [    INFO] - Train: 22 [ 390/391 (100%)]  Loss: 187.1 (179.)  Loss_cat: 1.116 (1.01)  Loss_feat: 182.9 (175.)  Loss_gt: 3.072 (2.75) LR: 5.000e-02
2025-08-29 14:20:22,109 -                train: [    INFO] - Test: [   0/39]  Time: 0.781 (0.781)  Loss:  2.1160 (2.1160)  Acc@1: 46.4844 (46.4844)  Acc@5: 75.7812 (75.7812)
2025-08-29 14:21:03,494 -                train: [    INFO] - Test: [  39/39]  Time: 0.029 (1.054)  Loss:  2.4899 (2.7627)  Acc@1: 37.5000 (37.4600)  Acc@5: 81.2500 (64.4200)
2025-08-29 14:21:03,699 - timm.utils.checkpoint_saver: [    INFO] - Current checkpoints:
 ('./output/train/20250829-124618-mobilenetv2_vcaV2-224/checkpoint/checkpoint-18.pth.tar', 39.92)
 ('./output/train/20250829-124618-mobilenetv2_vcaV2-224/checkpoint/checkpoint-21.pth.tar', 39.8)
 ('./output/train/20250829-124618-mobilenetv2_vcaV2-224/checkpoint/checkpoint-22.pth.tar', 37.46)
 ('./output/train/20250829-124618-mobilenetv2_vcaV2-224/checkpoint/checkpoint-14.pth.tar', 36.07)
 ('./output/train/20250829-124618-mobilenetv2_vcaV2-224/checkpoint/checkpoint-16.pth.tar', 35.99)
 ('./output/train/20250829-124618-mobilenetv2_vcaV2-224/checkpoint/checkpoint-11.pth.tar', 35.34)
 ('./output/train/20250829-124618-mobilenetv2_vcaV2-224/checkpoint/checkpoint-12.pth.tar', 35.29)
 ('./output/train/20250829-124618-mobilenetv2_vcaV2-224/checkpoint/checkpoint-9.pth.tar', 35.14)
 ('./output/train/20250829-124618-mobilenetv2_vcaV2-224/checkpoint/checkpoint-13.pth.tar', 34.6)
 ('./output/train/20250829-124618-mobilenetv2_vcaV2-224/checkpoint/checkpoint-17.pth.tar', 32.8)

2025-08-29 14:21:05,006 -                train: [    INFO] - Train: 23 [   0/391 (  0%)]  Loss: 177.0 (177.)  Loss_cat: 0.9985 (0.998)  Loss_feat: 173.3 (173.)  Loss_gt: 2.735 (2.73) LR: 5.000e-02
2025-08-29 14:22:55,104 -                train: [    INFO] - Train: 23 [ 200/391 ( 51%)]  Loss: 178.7 (178.)  Loss_cat: 0.9984 (1.00)  Loss_feat: 175.0 (174.)  Loss_gt: 2.638 (2.74) LR: 5.000e-02
2025-08-29 14:23:20,437 -                train: [    INFO] - *** Best metric: 39.92 (epoch 18)
