2025-09-11 03:39:58,708 -                train: [    INFO] - Training with a single process on 1 GPUs.
2025-09-11 03:39:58,861 -               dinov2: [    INFO] - using MLP layer as FFN
2025-09-11 03:40:00,464 -                train: [    INFO] - Model resnet18 created, param count:11279112
2025-09-11 03:40:00,465 -     timm.data.config: [    INFO] - Data processing configuration for current model + dataset:
2025-09-11 03:40:00,465 -     timm.data.config: [    INFO] - 	input_size: (3, 224, 224)
2025-09-11 03:40:00,466 -     timm.data.config: [    INFO] - 	interpolation: bilinear
2025-09-11 03:40:00,466 -     timm.data.config: [    INFO] - 	mean: (0.485, 0.456, 0.406)
2025-09-11 03:40:00,466 -     timm.data.config: [    INFO] - 	std: (0.229, 0.224, 0.225)
2025-09-11 03:40:00,466 -     timm.data.config: [    INFO] - 	crop_pct: 0.875
2025-09-11 03:40:03,295 -                train: [    INFO] - 
-------------------------------
Learnable parameters
Student: 11.28M
Extra: 0.00M
-------------------------------
2025-09-11 03:40:03,431 -                train: [    INFO] - AMP not enabled. Training in float32.
2025-09-11 03:40:03,431 -                train: [    INFO] - Scheduled epochs: 200
2025-09-11 03:40:05,965 -                train: [    INFO] - Train: 0 [   0/391 (  0%)]  Loss: 9.858 (9.86)  Loss_gt: 5.319 (5.32)  Loss_kd: 4.539 (4.54) LR: 1.000e-04
2025-09-11 03:41:19,562 -                train: [    INFO] - Train: 0 [ 200/391 ( 51%)]  Loss: 9.614 (9.78)  Loss_gt: 5.330 (5.32)  Loss_kd: 4.284 (4.46) LR: 1.000e-04
2025-09-11 03:42:28,427 -                train: [    INFO] - Train: 0 [ 390/391 (100%)]  Loss: 9.607 (9.73)  Loss_gt: 5.303 (5.32)  Loss_kd: 4.304 (4.41) LR: 1.000e-04
2025-09-11 03:42:29,438 -                train: [    INFO] - Test: [   0/39]  Time: 0.959 (0.959)  Loss:  5.4067 (5.4067)  Acc@1:  0.0000 ( 0.0000)  Acc@5:  0.0000 ( 0.0000)
2025-09-11 03:42:49,216 -                train: [    INFO] - Test: [  39/39]  Time: 0.080 (0.518)  Loss:  5.3426 (5.3018)  Acc@1:  0.0000 ( 0.5300)  Acc@5:  0.0000 ( 3.9600)
2025-09-11 03:42:49,510 - timm.utils.checkpoint_saver: [    INFO] - Current checkpoints:
 ('./output/train/20250911-034003-resnet18-224/checkpoint/checkpoint-0.pth.tar', 0.53)

2025-09-11 03:42:50,835 -                train: [    INFO] - Train: 1 [   0/391 (  0%)]  Loss: 9.588 (9.59)  Loss_gt: 5.301 (5.30)  Loss_kd: 4.287 (4.29) LR: 1.673e-02
2025-09-11 03:43:55,046 -                train: [    INFO] - Train: 1 [ 200/391 ( 51%)]  Loss: 8.628 (9.00)  Loss_gt: 4.927 (5.07)  Loss_kd: 3.701 (3.93) LR: 1.673e-02
2025-09-11 03:44:55,824 -                train: [    INFO] - Train: 1 [ 390/391 (100%)]  Loss: 8.571 (8.80)  Loss_gt: 4.805 (4.96)  Loss_kd: 3.766 (3.83) LR: 1.673e-02
2025-09-11 03:44:56,499 -                train: [    INFO] - Test: [   0/39]  Time: 0.610 (0.610)  Loss:  4.5089 (4.5089)  Acc@1:  8.9844 ( 8.9844)  Acc@5: 22.2656 (22.2656)
2025-09-11 03:45:23,124 -                train: [    INFO] - Test: [  39/39]  Time: 0.024 (0.681)  Loss:  4.5916 (4.6934)  Acc@1:  0.0000 ( 5.4900)  Acc@5: 25.0000 (17.0500)
2025-09-11 03:45:24,161 - timm.utils.checkpoint_saver: [    INFO] - Current checkpoints:
 ('./output/train/20250911-034003-resnet18-224/checkpoint/checkpoint-1.pth.tar', 5.49)
 ('./output/train/20250911-034003-resnet18-224/checkpoint/checkpoint-0.pth.tar', 0.53)

2025-09-11 03:45:25,388 -                train: [    INFO] - Train: 2 [   0/391 (  0%)]  Loss: 8.421 (8.42)  Loss_gt: 4.778 (4.78)  Loss_kd: 3.643 (3.64) LR: 3.337e-02
2025-09-11 03:46:29,685 -                train: [    INFO] - Train: 2 [ 200/391 ( 51%)]  Loss: 8.282 (8.30)  Loss_gt: 4.628 (4.71)  Loss_kd: 3.654 (3.59) LR: 3.337e-02
2025-09-11 03:47:31,001 -                train: [    INFO] - Train: 2 [ 390/391 (100%)]  Loss: 7.632 (8.07)  Loss_gt: 4.402 (4.60)  Loss_kd: 3.230 (3.47) LR: 3.337e-02
2025-09-11 03:47:31,750 -                train: [    INFO] - Test: [   0/39]  Time: 0.677 (0.677)  Loss:  4.1393 (4.1393)  Acc@1: 13.6719 (13.6719)  Acc@5: 28.5156 (28.5156)
2025-09-11 03:47:54,168 -                train: [    INFO] - Test: [  39/39]  Time: 0.022 (0.577)  Loss:  4.4158 (4.1344)  Acc@1:  0.0000 (12.0000)  Acc@5:  6.2500 (30.7600)
2025-09-11 03:47:54,539 - timm.utils.checkpoint_saver: [    INFO] - Current checkpoints:
 ('./output/train/20250911-034003-resnet18-224/checkpoint/checkpoint-2.pth.tar', 12.0)
 ('./output/train/20250911-034003-resnet18-224/checkpoint/checkpoint-1.pth.tar', 5.49)
 ('./output/train/20250911-034003-resnet18-224/checkpoint/checkpoint-0.pth.tar', 0.53)

2025-09-11 03:47:55,628 -                train: [    INFO] - Train: 3 [   0/391 (  0%)]  Loss: 7.615 (7.61)  Loss_gt: 4.328 (4.33)  Loss_kd: 3.287 (3.29) LR: 5.000e-02
2025-09-11 03:49:00,282 -                train: [    INFO] - Train: 3 [ 200/391 ( 51%)]  Loss: 7.378 (7.49)  Loss_gt: 4.282 (4.30)  Loss_kd: 3.096 (3.18) LR: 5.000e-02
2025-09-11 03:50:02,284 -                train: [    INFO] - Train: 3 [ 390/391 (100%)]  Loss: 6.876 (7.31)  Loss_gt: 3.877 (4.22)  Loss_kd: 2.999 (3.10) LR: 5.000e-02
2025-09-11 03:50:02,972 -                train: [    INFO] - Test: [   0/39]  Time: 0.633 (0.633)  Loss:  3.5252 (3.5252)  Acc@1: 23.4375 (23.4375)  Acc@5: 45.7031 (45.7031)
2025-09-11 03:50:22,565 -                train: [    INFO] - Test: [  39/39]  Time: 0.022 (0.506)  Loss:  3.9817 (3.8394)  Acc@1: 12.5000 (15.9100)  Acc@5: 37.5000 (38.3100)
2025-09-11 03:50:22,999 - timm.utils.checkpoint_saver: [    INFO] - Current checkpoints:
 ('./output/train/20250911-034003-resnet18-224/checkpoint/checkpoint-3.pth.tar', 15.91)
 ('./output/train/20250911-034003-resnet18-224/checkpoint/checkpoint-2.pth.tar', 12.0)
 ('./output/train/20250911-034003-resnet18-224/checkpoint/checkpoint-1.pth.tar', 5.49)
 ('./output/train/20250911-034003-resnet18-224/checkpoint/checkpoint-0.pth.tar', 0.53)

2025-09-11 03:50:25,224 -                train: [    INFO] - Train: 4 [   0/391 (  0%)]  Loss: 7.144 (7.14)  Loss_gt: 4.066 (4.07)  Loss_kd: 3.079 (3.08) LR: 5.000e-02
2025-09-11 03:51:30,724 -                train: [    INFO] - Train: 4 [ 200/391 ( 51%)]  Loss: 6.760 (6.78)  Loss_gt: 3.928 (3.95)  Loss_kd: 2.832 (2.84) LR: 5.000e-02
2025-09-11 03:52:31,855 -                train: [    INFO] - Train: 4 [ 390/391 (100%)]  Loss: 6.692 (6.66)  Loss_gt: 3.946 (3.88)  Loss_kd: 2.746 (2.78) LR: 5.000e-02
2025-09-11 03:52:32,673 -                train: [    INFO] - Test: [   0/39]  Time: 0.757 (0.757)  Loss:  2.9959 (2.9959)  Acc@1: 31.2500 (31.2500)  Acc@5: 57.8125 (57.8125)
2025-09-11 03:52:55,507 -                train: [    INFO] - Test: [  39/39]  Time: 0.022 (0.590)  Loss:  3.8829 (3.5736)  Acc@1:  6.2500 (20.2700)  Acc@5: 31.2500 (45.5900)
2025-09-11 03:52:55,832 - timm.utils.checkpoint_saver: [    INFO] - Current checkpoints:
 ('./output/train/20250911-034003-resnet18-224/checkpoint/checkpoint-4.pth.tar', 20.27)
 ('./output/train/20250911-034003-resnet18-224/checkpoint/checkpoint-3.pth.tar', 15.91)
 ('./output/train/20250911-034003-resnet18-224/checkpoint/checkpoint-2.pth.tar', 12.0)
 ('./output/train/20250911-034003-resnet18-224/checkpoint/checkpoint-1.pth.tar', 5.49)
 ('./output/train/20250911-034003-resnet18-224/checkpoint/checkpoint-0.pth.tar', 0.53)

2025-09-11 03:52:56,881 -                train: [    INFO] - Train: 5 [   0/391 (  0%)]  Loss: 6.295 (6.29)  Loss_gt: 3.717 (3.72)  Loss_kd: 2.578 (2.58) LR: 5.000e-02
2025-09-11 03:54:07,526 -                train: [    INFO] - Train: 5 [ 200/391 ( 51%)]  Loss: 6.480 (6.26)  Loss_gt: 3.737 (3.68)  Loss_kd: 2.743 (2.58) LR: 5.000e-02
2025-09-11 03:55:08,965 -                train: [    INFO] - Train: 5 [ 390/391 (100%)]  Loss: 6.533 (6.18)  Loss_gt: 3.800 (3.64)  Loss_kd: 2.733 (2.54) LR: 5.000e-02
2025-09-11 03:55:09,594 -                train: [    INFO] - Test: [   0/39]  Time: 0.571 (0.571)  Loss:  2.8387 (2.8387)  Acc@1: 32.4219 (32.4219)  Acc@5: 58.2031 (58.2031)
2025-09-11 03:55:31,519 -                train: [    INFO] - Test: [  39/39]  Time: 0.022 (0.562)  Loss:  3.1024 (3.2904)  Acc@1: 37.5000 (25.7000)  Acc@5: 50.0000 (52.2500)
2025-09-11 03:55:31,812 - timm.utils.checkpoint_saver: [    INFO] - Current checkpoints:
 ('./output/train/20250911-034003-resnet18-224/checkpoint/checkpoint-5.pth.tar', 25.7)
 ('./output/train/20250911-034003-resnet18-224/checkpoint/checkpoint-4.pth.tar', 20.27)
 ('./output/train/20250911-034003-resnet18-224/checkpoint/checkpoint-3.pth.tar', 15.91)
 ('./output/train/20250911-034003-resnet18-224/checkpoint/checkpoint-2.pth.tar', 12.0)
 ('./output/train/20250911-034003-resnet18-224/checkpoint/checkpoint-1.pth.tar', 5.49)
 ('./output/train/20250911-034003-resnet18-224/checkpoint/checkpoint-0.pth.tar', 0.53)

2025-09-11 03:55:33,003 -                train: [    INFO] - Train: 6 [   0/391 (  0%)]  Loss: 6.047 (6.05)  Loss_gt: 3.549 (3.55)  Loss_kd: 2.498 (2.50) LR: 5.000e-02
2025-09-11 03:56:37,619 -                train: [    INFO] - Train: 6 [ 200/391 ( 51%)]  Loss: 5.898 (5.88)  Loss_gt: 3.512 (3.48)  Loss_kd: 2.386 (2.40) LR: 5.000e-02
2025-09-11 03:57:38,468 -                train: [    INFO] - Train: 6 [ 390/391 (100%)]  Loss: 5.618 (5.83)  Loss_gt: 3.343 (3.46)  Loss_kd: 2.275 (2.37) LR: 5.000e-02
2025-09-11 03:57:39,071 -                train: [    INFO] - Test: [   0/39]  Time: 0.556 (0.556)  Loss:  3.0926 (3.0926)  Acc@1: 28.1250 (28.1250)  Acc@5: 56.2500 (56.2500)
2025-09-11 03:57:59,278 -                train: [    INFO] - Test: [  39/39]  Time: 0.026 (0.519)  Loss:  1.8329 (3.1657)  Acc@1: 50.0000 (27.9300)  Acc@5: 93.7500 (54.8400)
2025-09-11 03:57:59,591 - timm.utils.checkpoint_saver: [    INFO] - Current checkpoints:
 ('./output/train/20250911-034003-resnet18-224/checkpoint/checkpoint-6.pth.tar', 27.93)
 ('./output/train/20250911-034003-resnet18-224/checkpoint/checkpoint-5.pth.tar', 25.7)
 ('./output/train/20250911-034003-resnet18-224/checkpoint/checkpoint-4.pth.tar', 20.27)
 ('./output/train/20250911-034003-resnet18-224/checkpoint/checkpoint-3.pth.tar', 15.91)
 ('./output/train/20250911-034003-resnet18-224/checkpoint/checkpoint-2.pth.tar', 12.0)
 ('./output/train/20250911-034003-resnet18-224/checkpoint/checkpoint-1.pth.tar', 5.49)
 ('./output/train/20250911-034003-resnet18-224/checkpoint/checkpoint-0.pth.tar', 0.53)

2025-09-11 03:58:00,641 -                train: [    INFO] - Train: 7 [   0/391 (  0%)]  Loss: 5.684 (5.68)  Loss_gt: 3.441 (3.44)  Loss_kd: 2.243 (2.24) LR: 5.000e-02
2025-09-11 03:59:27,717 -                train: [    INFO] - Train: 7 [ 200/391 ( 51%)]  Loss: 5.592 (5.60)  Loss_gt: 3.383 (3.33)  Loss_kd: 2.209 (2.27) LR: 5.000e-02
2025-09-11 04:00:57,749 -                train: [    INFO] - Train: 7 [ 390/391 (100%)]  Loss: 5.311 (5.56)  Loss_gt: 3.219 (3.32)  Loss_kd: 2.093 (2.25) LR: 5.000e-02
2025-09-11 04:00:58,455 -                train: [    INFO] - Test: [   0/39]  Time: 0.641 (0.641)  Loss:  2.9436 (2.9436)  Acc@1: 31.6406 (31.6406)  Acc@5: 58.5938 (58.5938)
2025-09-11 04:01:16,777 -                train: [    INFO] - Test: [  39/39]  Time: 0.025 (0.474)  Loss:  4.0342 (3.0150)  Acc@1:  6.2500 (30.6300)  Acc@5: 37.5000 (58.3700)
2025-09-11 04:01:17,081 - timm.utils.checkpoint_saver: [    INFO] - Current checkpoints:
 ('./output/train/20250911-034003-resnet18-224/checkpoint/checkpoint-7.pth.tar', 30.63)
 ('./output/train/20250911-034003-resnet18-224/checkpoint/checkpoint-6.pth.tar', 27.93)
 ('./output/train/20250911-034003-resnet18-224/checkpoint/checkpoint-5.pth.tar', 25.7)
 ('./output/train/20250911-034003-resnet18-224/checkpoint/checkpoint-4.pth.tar', 20.27)
 ('./output/train/20250911-034003-resnet18-224/checkpoint/checkpoint-3.pth.tar', 15.91)
 ('./output/train/20250911-034003-resnet18-224/checkpoint/checkpoint-2.pth.tar', 12.0)
 ('./output/train/20250911-034003-resnet18-224/checkpoint/checkpoint-1.pth.tar', 5.49)
 ('./output/train/20250911-034003-resnet18-224/checkpoint/checkpoint-0.pth.tar', 0.53)

2025-09-11 04:01:18,131 -                train: [    INFO] - Train: 8 [   0/391 (  0%)]  Loss: 5.833 (5.83)  Loss_gt: 3.453 (3.45)  Loss_kd: 2.380 (2.38) LR: 5.000e-02
2025-09-11 04:03:09,285 -                train: [    INFO] - Train: 8 [ 200/391 ( 51%)]  Loss: 5.412 (5.37)  Loss_gt: 3.242 (3.21)  Loss_kd: 2.170 (2.16) LR: 5.000e-02
2025-09-11 04:04:10,533 -                train: [    INFO] - Train: 8 [ 390/391 (100%)]  Loss: 5.221 (5.34)  Loss_gt: 3.064 (3.20)  Loss_kd: 2.156 (2.14) LR: 5.000e-02
2025-09-11 04:04:11,171 -                train: [    INFO] - Test: [   0/39]  Time: 0.572 (0.572)  Loss:  2.4667 (2.4667)  Acc@1: 45.3125 (45.3125)  Acc@5: 68.7500 (68.7500)
2025-09-11 04:04:28,285 -                train: [    INFO] - Test: [  39/39]  Time: 0.027 (0.442)  Loss:  3.3379 (2.9726)  Acc@1: 25.0000 (31.6800)  Acc@5: 37.5000 (58.6300)
2025-09-11 04:04:28,600 - timm.utils.checkpoint_saver: [    INFO] - Current checkpoints:
 ('./output/train/20250911-034003-resnet18-224/checkpoint/checkpoint-8.pth.tar', 31.68)
 ('./output/train/20250911-034003-resnet18-224/checkpoint/checkpoint-7.pth.tar', 30.63)
 ('./output/train/20250911-034003-resnet18-224/checkpoint/checkpoint-6.pth.tar', 27.93)
 ('./output/train/20250911-034003-resnet18-224/checkpoint/checkpoint-5.pth.tar', 25.7)
 ('./output/train/20250911-034003-resnet18-224/checkpoint/checkpoint-4.pth.tar', 20.27)
 ('./output/train/20250911-034003-resnet18-224/checkpoint/checkpoint-3.pth.tar', 15.91)
 ('./output/train/20250911-034003-resnet18-224/checkpoint/checkpoint-2.pth.tar', 12.0)
 ('./output/train/20250911-034003-resnet18-224/checkpoint/checkpoint-1.pth.tar', 5.49)
 ('./output/train/20250911-034003-resnet18-224/checkpoint/checkpoint-0.pth.tar', 0.53)

2025-09-11 04:04:29,711 -                train: [    INFO] - Train: 9 [   0/391 (  0%)]  Loss: 5.254 (5.25)  Loss_gt: 3.196 (3.20)  Loss_kd: 2.058 (2.06) LR: 5.000e-02
2025-09-11 04:05:48,640 -                train: [    INFO] - Train: 9 [ 200/391 ( 51%)]  Loss: 5.283 (5.18)  Loss_gt: 3.191 (3.11)  Loss_kd: 2.092 (2.07) LR: 5.000e-02
2025-09-11 04:06:59,265 -                train: [    INFO] - Train: 9 [ 390/391 (100%)]  Loss: 5.086 (5.17)  Loss_gt: 3.049 (3.11)  Loss_kd: 2.037 (2.06) LR: 5.000e-02
2025-09-11 04:06:59,906 -                train: [    INFO] - Test: [   0/39]  Time: 0.574 (0.574)  Loss:  2.3306 (2.3306)  Acc@1: 44.5312 (44.5312)  Acc@5: 70.3125 (70.3125)
2025-09-11 04:07:19,454 -                train: [    INFO] - Test: [  39/39]  Time: 0.023 (0.503)  Loss:  3.1538 (2.8398)  Acc@1: 25.0000 (34.2200)  Acc@5: 56.2500 (61.6800)
2025-09-11 04:07:19,753 - timm.utils.checkpoint_saver: [    INFO] - Current checkpoints:
 ('./output/train/20250911-034003-resnet18-224/checkpoint/checkpoint-9.pth.tar', 34.22)
 ('./output/train/20250911-034003-resnet18-224/checkpoint/checkpoint-8.pth.tar', 31.68)
 ('./output/train/20250911-034003-resnet18-224/checkpoint/checkpoint-7.pth.tar', 30.63)
 ('./output/train/20250911-034003-resnet18-224/checkpoint/checkpoint-6.pth.tar', 27.93)
 ('./output/train/20250911-034003-resnet18-224/checkpoint/checkpoint-5.pth.tar', 25.7)
 ('./output/train/20250911-034003-resnet18-224/checkpoint/checkpoint-4.pth.tar', 20.27)
 ('./output/train/20250911-034003-resnet18-224/checkpoint/checkpoint-3.pth.tar', 15.91)
 ('./output/train/20250911-034003-resnet18-224/checkpoint/checkpoint-2.pth.tar', 12.0)
 ('./output/train/20250911-034003-resnet18-224/checkpoint/checkpoint-1.pth.tar', 5.49)
 ('./output/train/20250911-034003-resnet18-224/checkpoint/checkpoint-0.pth.tar', 0.53)

2025-09-11 04:07:20,787 -                train: [    INFO] - Train: 10 [   0/391 (  0%)]  Loss: 5.364 (5.36)  Loss_gt: 3.284 (3.28)  Loss_kd: 2.080 (2.08) LR: 5.000e-02
2025-09-11 04:08:25,513 -                train: [    INFO] - Train: 10 [ 200/391 ( 51%)]  Loss: 5.373 (5.03)  Loss_gt: 3.221 (3.03)  Loss_kd: 2.152 (1.99) LR: 5.000e-02
2025-09-11 04:09:26,823 -                train: [    INFO] - Train: 10 [ 390/391 (100%)]  Loss: 5.339 (5.03)  Loss_gt: 3.198 (3.04)  Loss_kd: 2.141 (2.00) LR: 5.000e-02
2025-09-11 04:09:28,874 -                train: [    INFO] - Test: [   0/39]  Time: 1.997 (1.997)  Loss:  2.5426 (2.5426)  Acc@1: 42.1875 (42.1875)  Acc@5: 69.1406 (69.1406)
2025-09-11 04:09:49,252 -                train: [    INFO] - Test: [  39/39]  Time: 0.022 (0.559)  Loss:  4.2897 (2.9857)  Acc@1:  0.0000 (31.6100)  Acc@5: 43.7500 (59.2100)
2025-09-11 04:09:49,555 - timm.utils.checkpoint_saver: [    INFO] - Current checkpoints:
 ('./output/train/20250911-034003-resnet18-224/checkpoint/checkpoint-9.pth.tar', 34.22)
 ('./output/train/20250911-034003-resnet18-224/checkpoint/checkpoint-8.pth.tar', 31.68)
 ('./output/train/20250911-034003-resnet18-224/checkpoint/checkpoint-10.pth.tar', 31.61)
 ('./output/train/20250911-034003-resnet18-224/checkpoint/checkpoint-7.pth.tar', 30.63)
 ('./output/train/20250911-034003-resnet18-224/checkpoint/checkpoint-6.pth.tar', 27.93)
 ('./output/train/20250911-034003-resnet18-224/checkpoint/checkpoint-5.pth.tar', 25.7)
 ('./output/train/20250911-034003-resnet18-224/checkpoint/checkpoint-4.pth.tar', 20.27)
 ('./output/train/20250911-034003-resnet18-224/checkpoint/checkpoint-3.pth.tar', 15.91)
 ('./output/train/20250911-034003-resnet18-224/checkpoint/checkpoint-2.pth.tar', 12.0)
 ('./output/train/20250911-034003-resnet18-224/checkpoint/checkpoint-1.pth.tar', 5.49)

2025-09-11 04:09:50,613 -                train: [    INFO] - Train: 11 [   0/391 (  0%)]  Loss: 4.834 (4.83)  Loss_gt: 2.935 (2.93)  Loss_kd: 1.900 (1.90) LR: 5.000e-02
2025-09-11 04:11:07,555 -                train: [    INFO] - Train: 11 [ 200/391 ( 51%)]  Loss: 4.840 (4.91)  Loss_gt: 2.855 (2.97)  Loss_kd: 1.985 (1.95) LR: 5.000e-02
2025-09-11 04:13:20,321 -                train: [    INFO] - Train: 11 [ 390/391 (100%)]  Loss: 4.850 (4.93)  Loss_gt: 2.880 (2.98)  Loss_kd: 1.971 (1.95) LR: 5.000e-02
2025-09-11 04:13:20,960 -                train: [    INFO] - Test: [   0/39]  Time: 0.577 (0.577)  Loss:  2.3735 (2.3735)  Acc@1: 47.2656 (47.2656)  Acc@5: 71.0938 (71.0938)
2025-09-11 04:13:36,153 -                train: [    INFO] - Test: [  39/39]  Time: 0.022 (0.394)  Loss:  2.9663 (2.6895)  Acc@1: 25.0000 (37.0900)  Acc@5: 56.2500 (64.8100)
2025-09-11 04:13:36,446 - timm.utils.checkpoint_saver: [    INFO] - Current checkpoints:
 ('./output/train/20250911-034003-resnet18-224/checkpoint/checkpoint-11.pth.tar', 37.09)
 ('./output/train/20250911-034003-resnet18-224/checkpoint/checkpoint-9.pth.tar', 34.22)
 ('./output/train/20250911-034003-resnet18-224/checkpoint/checkpoint-8.pth.tar', 31.68)
 ('./output/train/20250911-034003-resnet18-224/checkpoint/checkpoint-10.pth.tar', 31.61)
 ('./output/train/20250911-034003-resnet18-224/checkpoint/checkpoint-7.pth.tar', 30.63)
 ('./output/train/20250911-034003-resnet18-224/checkpoint/checkpoint-6.pth.tar', 27.93)
 ('./output/train/20250911-034003-resnet18-224/checkpoint/checkpoint-5.pth.tar', 25.7)
 ('./output/train/20250911-034003-resnet18-224/checkpoint/checkpoint-4.pth.tar', 20.27)
 ('./output/train/20250911-034003-resnet18-224/checkpoint/checkpoint-3.pth.tar', 15.91)
 ('./output/train/20250911-034003-resnet18-224/checkpoint/checkpoint-2.pth.tar', 12.0)

2025-09-11 04:13:37,519 -                train: [    INFO] - Train: 12 [   0/391 (  0%)]  Loss: 4.954 (4.95)  Loss_gt: 2.979 (2.98)  Loss_kd: 1.975 (1.98) LR: 5.000e-02
2025-09-11 04:14:42,625 -                train: [    INFO] - Train: 12 [ 200/391 ( 51%)]  Loss: 4.735 (4.83)  Loss_gt: 2.930 (2.93)  Loss_kd: 1.805 (1.91) LR: 5.000e-02
2025-09-11 04:15:58,358 -                train: [    INFO] - Train: 12 [ 390/391 (100%)]  Loss: 5.132 (4.84)  Loss_gt: 3.056 (2.93)  Loss_kd: 2.076 (1.91) LR: 5.000e-02
2025-09-11 04:15:59,014 -                train: [    INFO] - Test: [   0/39]  Time: 0.591 (0.591)  Loss:  2.8819 (2.8819)  Acc@1: 34.7656 (34.7656)  Acc@5: 60.9375 (60.9375)
2025-09-11 04:16:14,606 -                train: [    INFO] - Test: [  39/39]  Time: 0.028 (0.405)  Loss:  2.4846 (2.6353)  Acc@1: 37.5000 (37.7600)  Acc@5: 81.2500 (66.5000)
2025-09-11 04:16:14,941 - timm.utils.checkpoint_saver: [    INFO] - Current checkpoints:
 ('./output/train/20250911-034003-resnet18-224/checkpoint/checkpoint-12.pth.tar', 37.76)
 ('./output/train/20250911-034003-resnet18-224/checkpoint/checkpoint-11.pth.tar', 37.09)
 ('./output/train/20250911-034003-resnet18-224/checkpoint/checkpoint-9.pth.tar', 34.22)
 ('./output/train/20250911-034003-resnet18-224/checkpoint/checkpoint-8.pth.tar', 31.68)
 ('./output/train/20250911-034003-resnet18-224/checkpoint/checkpoint-10.pth.tar', 31.61)
 ('./output/train/20250911-034003-resnet18-224/checkpoint/checkpoint-7.pth.tar', 30.63)
 ('./output/train/20250911-034003-resnet18-224/checkpoint/checkpoint-6.pth.tar', 27.93)
 ('./output/train/20250911-034003-resnet18-224/checkpoint/checkpoint-5.pth.tar', 25.7)
 ('./output/train/20250911-034003-resnet18-224/checkpoint/checkpoint-4.pth.tar', 20.27)
 ('./output/train/20250911-034003-resnet18-224/checkpoint/checkpoint-3.pth.tar', 15.91)

2025-09-11 04:16:15,964 -                train: [    INFO] - Train: 13 [   0/391 (  0%)]  Loss: 4.679 (4.68)  Loss_gt: 2.798 (2.80)  Loss_kd: 1.882 (1.88) LR: 5.000e-02
2025-09-11 04:17:20,645 -                train: [    INFO] - Train: 13 [ 200/391 ( 51%)]  Loss: 4.661 (4.74)  Loss_gt: 2.855 (2.88)  Loss_kd: 1.806 (1.86) LR: 5.000e-02
2025-09-11 04:18:34,897 -                train: [    INFO] - Train: 13 [ 390/391 (100%)]  Loss: 4.647 (4.76)  Loss_gt: 2.843 (2.89)  Loss_kd: 1.804 (1.87) LR: 5.000e-02
2025-09-11 04:18:35,540 -                train: [    INFO] - Test: [   0/39]  Time: 0.574 (0.574)  Loss:  2.7078 (2.7078)  Acc@1: 39.8438 (39.8438)  Acc@5: 61.3281 (61.3281)
2025-09-11 04:18:53,413 -                train: [    INFO] - Test: [  39/39]  Time: 0.023 (0.461)  Loss:  3.2443 (2.6073)  Acc@1: 31.2500 (38.9800)  Acc@5: 56.2500 (66.2500)
2025-09-11 04:18:53,749 - timm.utils.checkpoint_saver: [    INFO] - Current checkpoints:
 ('./output/train/20250911-034003-resnet18-224/checkpoint/checkpoint-13.pth.tar', 38.98)
 ('./output/train/20250911-034003-resnet18-224/checkpoint/checkpoint-12.pth.tar', 37.76)
 ('./output/train/20250911-034003-resnet18-224/checkpoint/checkpoint-11.pth.tar', 37.09)
 ('./output/train/20250911-034003-resnet18-224/checkpoint/checkpoint-9.pth.tar', 34.22)
 ('./output/train/20250911-034003-resnet18-224/checkpoint/checkpoint-8.pth.tar', 31.68)
 ('./output/train/20250911-034003-resnet18-224/checkpoint/checkpoint-10.pth.tar', 31.61)
 ('./output/train/20250911-034003-resnet18-224/checkpoint/checkpoint-7.pth.tar', 30.63)
 ('./output/train/20250911-034003-resnet18-224/checkpoint/checkpoint-6.pth.tar', 27.93)
 ('./output/train/20250911-034003-resnet18-224/checkpoint/checkpoint-5.pth.tar', 25.7)
 ('./output/train/20250911-034003-resnet18-224/checkpoint/checkpoint-4.pth.tar', 20.27)

2025-09-11 04:18:54,810 -                train: [    INFO] - Train: 14 [   0/391 (  0%)]  Loss: 4.754 (4.75)  Loss_gt: 2.927 (2.93)  Loss_kd: 1.827 (1.83) LR: 5.000e-02
2025-09-11 04:20:07,720 -                train: [    INFO] - Train: 14 [ 200/391 ( 51%)]  Loss: 4.561 (4.67)  Loss_gt: 2.793 (2.83)  Loss_kd: 1.769 (1.83) LR: 5.000e-02
2025-09-11 04:21:21,300 -                train: [    INFO] - Train: 14 [ 390/391 (100%)]  Loss: 4.650 (4.70)  Loss_gt: 2.864 (2.85)  Loss_kd: 1.786 (1.84) LR: 5.000e-02
2025-09-11 04:21:22,001 -                train: [    INFO] - Test: [   0/39]  Time: 0.643 (0.643)  Loss:  2.9254 (2.9254)  Acc@1: 33.2031 (33.2031)  Acc@5: 58.5938 (58.5938)
2025-09-11 04:21:38,001 -                train: [    INFO] - Test: [  39/39]  Time: 0.023 (0.416)  Loss:  2.8989 (2.6938)  Acc@1: 25.0000 (36.7500)  Acc@5: 75.0000 (64.5500)
2025-09-11 04:21:38,280 - timm.utils.checkpoint_saver: [    INFO] - Current checkpoints:
 ('./output/train/20250911-034003-resnet18-224/checkpoint/checkpoint-13.pth.tar', 38.98)
 ('./output/train/20250911-034003-resnet18-224/checkpoint/checkpoint-12.pth.tar', 37.76)
 ('./output/train/20250911-034003-resnet18-224/checkpoint/checkpoint-11.pth.tar', 37.09)
 ('./output/train/20250911-034003-resnet18-224/checkpoint/checkpoint-14.pth.tar', 36.75)
 ('./output/train/20250911-034003-resnet18-224/checkpoint/checkpoint-9.pth.tar', 34.22)
 ('./output/train/20250911-034003-resnet18-224/checkpoint/checkpoint-8.pth.tar', 31.68)
 ('./output/train/20250911-034003-resnet18-224/checkpoint/checkpoint-10.pth.tar', 31.61)
 ('./output/train/20250911-034003-resnet18-224/checkpoint/checkpoint-7.pth.tar', 30.63)
 ('./output/train/20250911-034003-resnet18-224/checkpoint/checkpoint-6.pth.tar', 27.93)
 ('./output/train/20250911-034003-resnet18-224/checkpoint/checkpoint-5.pth.tar', 25.7)

2025-09-11 04:21:39,384 -                train: [    INFO] - Train: 15 [   0/391 (  0%)]  Loss: 4.804 (4.80)  Loss_gt: 2.907 (2.91)  Loss_kd: 1.897 (1.90) LR: 5.000e-02
2025-09-11 04:22:50,097 -                train: [    INFO] - Train: 15 [ 200/391 ( 51%)]  Loss: 4.648 (4.62)  Loss_gt: 2.816 (2.81)  Loss_kd: 1.832 (1.81) LR: 5.000e-02
2025-09-11 04:24:11,458 -                train: [    INFO] - Train: 15 [ 390/391 (100%)]  Loss: 4.837 (4.65)  Loss_gt: 2.905 (2.82)  Loss_kd: 1.932 (1.82) LR: 5.000e-02
2025-09-11 04:24:12,171 -                train: [    INFO] - Test: [   0/39]  Time: 0.615 (0.615)  Loss:  2.1753 (2.1753)  Acc@1: 53.5156 (53.5156)  Acc@5: 72.2656 (72.2656)
2025-09-11 04:24:29,832 -                train: [    INFO] - Test: [  39/39]  Time: 0.648 (0.457)  Loss:  2.3220 (2.6335)  Acc@1: 31.2500 (38.0900)  Acc@5: 68.7500 (66.4400)
2025-09-11 04:24:30,238 - timm.utils.checkpoint_saver: [    INFO] - Current checkpoints:
 ('./output/train/20250911-034003-resnet18-224/checkpoint/checkpoint-13.pth.tar', 38.98)
 ('./output/train/20250911-034003-resnet18-224/checkpoint/checkpoint-15.pth.tar', 38.09)
 ('./output/train/20250911-034003-resnet18-224/checkpoint/checkpoint-12.pth.tar', 37.76)
 ('./output/train/20250911-034003-resnet18-224/checkpoint/checkpoint-11.pth.tar', 37.09)
 ('./output/train/20250911-034003-resnet18-224/checkpoint/checkpoint-14.pth.tar', 36.75)
 ('./output/train/20250911-034003-resnet18-224/checkpoint/checkpoint-9.pth.tar', 34.22)
 ('./output/train/20250911-034003-resnet18-224/checkpoint/checkpoint-8.pth.tar', 31.68)
 ('./output/train/20250911-034003-resnet18-224/checkpoint/checkpoint-10.pth.tar', 31.61)
 ('./output/train/20250911-034003-resnet18-224/checkpoint/checkpoint-7.pth.tar', 30.63)
 ('./output/train/20250911-034003-resnet18-224/checkpoint/checkpoint-6.pth.tar', 27.93)

2025-09-11 04:24:31,356 -                train: [    INFO] - Train: 16 [   0/391 (  0%)]  Loss: 4.855 (4.86)  Loss_gt: 2.951 (2.95)  Loss_kd: 1.904 (1.90) LR: 5.000e-02
2025-09-11 04:25:41,959 -                train: [    INFO] - Train: 16 [ 200/391 ( 51%)]  Loss: 4.581 (4.56)  Loss_gt: 2.772 (2.78)  Loss_kd: 1.809 (1.79) LR: 5.000e-02
2025-09-11 04:26:43,577 -                train: [    INFO] - Train: 16 [ 390/391 (100%)]  Loss: 4.630 (4.60)  Loss_gt: 2.727 (2.80)  Loss_kd: 1.903 (1.80) LR: 5.000e-02
2025-09-11 04:26:44,250 -                train: [    INFO] - Test: [   0/39]  Time: 0.586 (0.586)  Loss:  1.9567 (1.9567)  Acc@1: 50.3906 (50.3906)  Acc@5: 78.5156 (78.5156)
2025-09-11 04:27:02,801 -                train: [    INFO] - Test: [  39/39]  Time: 0.022 (0.478)  Loss:  3.4854 (2.5454)  Acc@1: 25.0000 (40.7600)  Acc@5: 56.2500 (67.8800)
2025-09-11 04:27:03,096 - timm.utils.checkpoint_saver: [    INFO] - Current checkpoints:
 ('./output/train/20250911-034003-resnet18-224/checkpoint/checkpoint-16.pth.tar', 40.76)
 ('./output/train/20250911-034003-resnet18-224/checkpoint/checkpoint-13.pth.tar', 38.98)
 ('./output/train/20250911-034003-resnet18-224/checkpoint/checkpoint-15.pth.tar', 38.09)
 ('./output/train/20250911-034003-resnet18-224/checkpoint/checkpoint-12.pth.tar', 37.76)
 ('./output/train/20250911-034003-resnet18-224/checkpoint/checkpoint-11.pth.tar', 37.09)
 ('./output/train/20250911-034003-resnet18-224/checkpoint/checkpoint-14.pth.tar', 36.75)
 ('./output/train/20250911-034003-resnet18-224/checkpoint/checkpoint-9.pth.tar', 34.22)
 ('./output/train/20250911-034003-resnet18-224/checkpoint/checkpoint-8.pth.tar', 31.68)
 ('./output/train/20250911-034003-resnet18-224/checkpoint/checkpoint-10.pth.tar', 31.61)
 ('./output/train/20250911-034003-resnet18-224/checkpoint/checkpoint-7.pth.tar', 30.63)

2025-09-11 04:27:04,269 -                train: [    INFO] - Train: 17 [   0/391 (  0%)]  Loss: 4.374 (4.37)  Loss_gt: 2.541 (2.54)  Loss_kd: 1.833 (1.83) LR: 5.000e-02
2025-09-11 04:28:12,684 -                train: [    INFO] - Train: 17 [ 200/391 ( 51%)]  Loss: 4.476 (4.52)  Loss_gt: 2.775 (2.75)  Loss_kd: 1.701 (1.77) LR: 5.000e-02
2025-09-11 04:29:28,887 -                train: [    INFO] - Train: 17 [ 390/391 (100%)]  Loss: 4.856 (4.55)  Loss_gt: 2.922 (2.77)  Loss_kd: 1.933 (1.78) LR: 5.000e-02
2025-09-11 04:29:29,573 -                train: [    INFO] - Test: [   0/39]  Time: 0.613 (0.613)  Loss:  2.5072 (2.5072)  Acc@1: 42.5781 (42.5781)  Acc@5: 71.0938 (71.0938)
2025-09-11 04:29:48,725 -                train: [    INFO] - Test: [  39/39]  Time: 0.023 (0.494)  Loss:  4.1475 (2.6767)  Acc@1: 18.7500 (37.9800)  Acc@5: 43.7500 (65.3200)
2025-09-11 04:29:49,047 - timm.utils.checkpoint_saver: [    INFO] - Current checkpoints:
 ('./output/train/20250911-034003-resnet18-224/checkpoint/checkpoint-16.pth.tar', 40.76)
 ('./output/train/20250911-034003-resnet18-224/checkpoint/checkpoint-13.pth.tar', 38.98)
 ('./output/train/20250911-034003-resnet18-224/checkpoint/checkpoint-15.pth.tar', 38.09)
 ('./output/train/20250911-034003-resnet18-224/checkpoint/checkpoint-17.pth.tar', 37.98)
 ('./output/train/20250911-034003-resnet18-224/checkpoint/checkpoint-12.pth.tar', 37.76)
 ('./output/train/20250911-034003-resnet18-224/checkpoint/checkpoint-11.pth.tar', 37.09)
 ('./output/train/20250911-034003-resnet18-224/checkpoint/checkpoint-14.pth.tar', 36.75)
 ('./output/train/20250911-034003-resnet18-224/checkpoint/checkpoint-9.pth.tar', 34.22)
 ('./output/train/20250911-034003-resnet18-224/checkpoint/checkpoint-8.pth.tar', 31.68)
 ('./output/train/20250911-034003-resnet18-224/checkpoint/checkpoint-10.pth.tar', 31.61)

2025-09-11 04:29:50,206 -                train: [    INFO] - Train: 18 [   0/391 (  0%)]  Loss: 4.308 (4.31)  Loss_gt: 2.586 (2.59)  Loss_kd: 1.722 (1.72) LR: 5.000e-02
2025-09-11 04:31:03,680 -                train: [    INFO] - Train: 18 [ 200/391 ( 51%)]  Loss: 4.266 (4.49)  Loss_gt: 2.586 (2.73)  Loss_kd: 1.679 (1.76) LR: 5.000e-02
2025-09-11 04:32:05,656 -                train: [    INFO] - Train: 18 [ 390/391 (100%)]  Loss: 4.491 (4.52)  Loss_gt: 2.768 (2.75)  Loss_kd: 1.722 (1.77) LR: 5.000e-02
2025-09-11 04:32:06,304 -                train: [    INFO] - Test: [   0/39]  Time: 0.571 (0.571)  Loss:  2.3077 (2.3077)  Acc@1: 45.3125 (45.3125)  Acc@5: 71.8750 (71.8750)
2025-09-11 04:32:23,887 -                train: [    INFO] - Test: [  39/39]  Time: 0.023 (0.454)  Loss:  2.3029 (2.5576)  Acc@1: 37.5000 (40.0800)  Acc@5: 81.2500 (67.7700)
2025-09-11 04:32:24,217 - timm.utils.checkpoint_saver: [    INFO] - Current checkpoints:
 ('./output/train/20250911-034003-resnet18-224/checkpoint/checkpoint-16.pth.tar', 40.76)
 ('./output/train/20250911-034003-resnet18-224/checkpoint/checkpoint-18.pth.tar', 40.08)
 ('./output/train/20250911-034003-resnet18-224/checkpoint/checkpoint-13.pth.tar', 38.98)
 ('./output/train/20250911-034003-resnet18-224/checkpoint/checkpoint-15.pth.tar', 38.09)
 ('./output/train/20250911-034003-resnet18-224/checkpoint/checkpoint-17.pth.tar', 37.98)
 ('./output/train/20250911-034003-resnet18-224/checkpoint/checkpoint-12.pth.tar', 37.76)
 ('./output/train/20250911-034003-resnet18-224/checkpoint/checkpoint-11.pth.tar', 37.09)
 ('./output/train/20250911-034003-resnet18-224/checkpoint/checkpoint-14.pth.tar', 36.75)
 ('./output/train/20250911-034003-resnet18-224/checkpoint/checkpoint-9.pth.tar', 34.22)
 ('./output/train/20250911-034003-resnet18-224/checkpoint/checkpoint-8.pth.tar', 31.68)

2025-09-11 04:32:25,265 -                train: [    INFO] - Train: 19 [   0/391 (  0%)]  Loss: 4.386 (4.39)  Loss_gt: 2.681 (2.68)  Loss_kd: 1.705 (1.70) LR: 5.000e-02
2025-09-11 04:33:30,172 -                train: [    INFO] - Train: 19 [ 200/391 ( 51%)]  Loss: 4.733 (4.44)  Loss_gt: 2.895 (2.71)  Loss_kd: 1.838 (1.73) LR: 5.000e-02
2025-09-11 04:34:31,774 -                train: [    INFO] - Train: 19 [ 390/391 (100%)]  Loss: 4.513 (4.48)  Loss_gt: 2.733 (2.73)  Loss_kd: 1.780 (1.75) LR: 5.000e-02
2025-09-11 04:34:32,433 -                train: [    INFO] - Test: [   0/39]  Time: 0.585 (0.585)  Loss:  1.5982 (1.5982)  Acc@1: 62.5000 (62.5000)  Acc@5: 83.9844 (83.9844)
2025-09-11 04:35:56,717 -                train: [    INFO] - Test: [  39/39]  Time: 0.022 (2.122)  Loss:  2.6701 (2.4334)  Acc@1: 37.5000 (42.5300)  Acc@5: 68.7500 (70.0100)
2025-09-11 04:35:57,014 - timm.utils.checkpoint_saver: [    INFO] - Current checkpoints:
 ('./output/train/20250911-034003-resnet18-224/checkpoint/checkpoint-19.pth.tar', 42.53)
 ('./output/train/20250911-034003-resnet18-224/checkpoint/checkpoint-16.pth.tar', 40.76)
 ('./output/train/20250911-034003-resnet18-224/checkpoint/checkpoint-18.pth.tar', 40.08)
 ('./output/train/20250911-034003-resnet18-224/checkpoint/checkpoint-13.pth.tar', 38.98)
 ('./output/train/20250911-034003-resnet18-224/checkpoint/checkpoint-15.pth.tar', 38.09)
 ('./output/train/20250911-034003-resnet18-224/checkpoint/checkpoint-17.pth.tar', 37.98)
 ('./output/train/20250911-034003-resnet18-224/checkpoint/checkpoint-12.pth.tar', 37.76)
 ('./output/train/20250911-034003-resnet18-224/checkpoint/checkpoint-11.pth.tar', 37.09)
 ('./output/train/20250911-034003-resnet18-224/checkpoint/checkpoint-14.pth.tar', 36.75)
 ('./output/train/20250911-034003-resnet18-224/checkpoint/checkpoint-9.pth.tar', 34.22)

2025-09-11 04:35:58,056 -                train: [    INFO] - Train: 20 [   0/391 (  0%)]  Loss: 4.411 (4.41)  Loss_gt: 2.664 (2.66)  Loss_kd: 1.748 (1.75) LR: 5.000e-02
2025-09-11 04:37:25,620 -                train: [    INFO] - Train: 20 [ 200/391 ( 51%)]  Loss: 4.402 (4.40)  Loss_gt: 2.717 (2.69)  Loss_kd: 1.685 (1.71) LR: 5.000e-02
2025-09-11 04:39:11,933 -                train: [    INFO] - Train: 20 [ 390/391 (100%)]  Loss: 4.671 (4.45)  Loss_gt: 2.749 (2.71)  Loss_kd: 1.923 (1.73) LR: 5.000e-02
2025-09-11 04:39:12,589 -                train: [    INFO] - Test: [   0/39]  Time: 0.592 (0.592)  Loss:  2.9161 (2.9161)  Acc@1: 35.5469 (35.5469)  Acc@5: 61.3281 (61.3281)
2025-09-11 04:39:47,390 -                train: [    INFO] - Test: [  39/39]  Time: 0.023 (0.885)  Loss:  3.4432 (2.6413)  Acc@1: 25.0000 (39.1300)  Acc@5: 50.0000 (65.6300)
2025-09-11 04:39:47,704 - timm.utils.checkpoint_saver: [    INFO] - Current checkpoints:
 ('./output/train/20250911-034003-resnet18-224/checkpoint/checkpoint-19.pth.tar', 42.53)
 ('./output/train/20250911-034003-resnet18-224/checkpoint/checkpoint-16.pth.tar', 40.76)
 ('./output/train/20250911-034003-resnet18-224/checkpoint/checkpoint-18.pth.tar', 40.08)
 ('./output/train/20250911-034003-resnet18-224/checkpoint/checkpoint-20.pth.tar', 39.13)
 ('./output/train/20250911-034003-resnet18-224/checkpoint/checkpoint-13.pth.tar', 38.98)
 ('./output/train/20250911-034003-resnet18-224/checkpoint/checkpoint-15.pth.tar', 38.09)
 ('./output/train/20250911-034003-resnet18-224/checkpoint/checkpoint-17.pth.tar', 37.98)
 ('./output/train/20250911-034003-resnet18-224/checkpoint/checkpoint-12.pth.tar', 37.76)
 ('./output/train/20250911-034003-resnet18-224/checkpoint/checkpoint-11.pth.tar', 37.09)
 ('./output/train/20250911-034003-resnet18-224/checkpoint/checkpoint-14.pth.tar', 36.75)

2025-09-11 04:39:48,826 -                train: [    INFO] - Train: 21 [   0/391 (  0%)]  Loss: 4.261 (4.26)  Loss_gt: 2.640 (2.64)  Loss_kd: 1.621 (1.62) LR: 5.000e-02
2025-09-11 04:40:56,970 -                train: [    INFO] - Train: 21 [ 200/391 ( 51%)]  Loss: 4.193 (4.38)  Loss_gt: 2.538 (2.67)  Loss_kd: 1.655 (1.71) LR: 5.000e-02
2025-09-11 04:42:09,561 -                train: [    INFO] - Train: 21 [ 390/391 (100%)]  Loss: 4.298 (4.42)  Loss_gt: 2.604 (2.70)  Loss_kd: 1.693 (1.73) LR: 5.000e-02
2025-09-11 04:42:10,207 -                train: [    INFO] - Test: [   0/39]  Time: 0.587 (0.587)  Loss:  1.6317 (1.6317)  Acc@1: 57.8125 (57.8125)  Acc@5: 85.9375 (85.9375)
2025-09-11 04:42:29,145 -                train: [    INFO] - Test: [  39/39]  Time: 0.021 (0.488)  Loss:  1.8365 (2.4518)  Acc@1: 37.5000 (41.9700)  Acc@5: 87.5000 (69.8400)
2025-09-11 04:42:29,454 - timm.utils.checkpoint_saver: [    INFO] - Current checkpoints:
 ('./output/train/20250911-034003-resnet18-224/checkpoint/checkpoint-19.pth.tar', 42.53)
 ('./output/train/20250911-034003-resnet18-224/checkpoint/checkpoint-21.pth.tar', 41.97)
 ('./output/train/20250911-034003-resnet18-224/checkpoint/checkpoint-16.pth.tar', 40.76)
 ('./output/train/20250911-034003-resnet18-224/checkpoint/checkpoint-18.pth.tar', 40.08)
 ('./output/train/20250911-034003-resnet18-224/checkpoint/checkpoint-20.pth.tar', 39.13)
 ('./output/train/20250911-034003-resnet18-224/checkpoint/checkpoint-13.pth.tar', 38.98)
 ('./output/train/20250911-034003-resnet18-224/checkpoint/checkpoint-15.pth.tar', 38.09)
 ('./output/train/20250911-034003-resnet18-224/checkpoint/checkpoint-17.pth.tar', 37.98)
 ('./output/train/20250911-034003-resnet18-224/checkpoint/checkpoint-12.pth.tar', 37.76)
 ('./output/train/20250911-034003-resnet18-224/checkpoint/checkpoint-11.pth.tar', 37.09)

2025-09-11 04:42:30,561 -                train: [    INFO] - Train: 22 [   0/391 (  0%)]  Loss: 4.455 (4.46)  Loss_gt: 2.708 (2.71)  Loss_kd: 1.747 (1.75) LR: 5.000e-02
2025-09-11 04:43:35,086 -                train: [    INFO] - Train: 22 [ 200/391 ( 51%)]  Loss: 4.493 (4.34)  Loss_gt: 2.783 (2.65)  Loss_kd: 1.711 (1.69) LR: 5.000e-02
2025-09-11 04:44:36,227 -                train: [    INFO] - Train: 22 [ 390/391 (100%)]  Loss: 4.242 (4.39)  Loss_gt: 2.680 (2.68)  Loss_kd: 1.562 (1.71) LR: 5.000e-02
2025-09-11 04:44:36,881 -                train: [    INFO] - Test: [   0/39]  Time: 0.586 (0.586)  Loss:  2.5011 (2.5011)  Acc@1: 42.1875 (42.1875)  Acc@5: 66.4062 (66.4062)
2025-09-11 04:44:58,055 -                train: [    INFO] - Test: [  39/39]  Time: 0.022 (0.544)  Loss:  2.3148 (2.4187)  Acc@1: 31.2500 (43.3800)  Acc@5: 81.2500 (69.8300)
2025-09-11 04:44:58,361 - timm.utils.checkpoint_saver: [    INFO] - Current checkpoints:
 ('./output/train/20250911-034003-resnet18-224/checkpoint/checkpoint-22.pth.tar', 43.38)
 ('./output/train/20250911-034003-resnet18-224/checkpoint/checkpoint-19.pth.tar', 42.53)
 ('./output/train/20250911-034003-resnet18-224/checkpoint/checkpoint-21.pth.tar', 41.97)
 ('./output/train/20250911-034003-resnet18-224/checkpoint/checkpoint-16.pth.tar', 40.76)
 ('./output/train/20250911-034003-resnet18-224/checkpoint/checkpoint-18.pth.tar', 40.08)
 ('./output/train/20250911-034003-resnet18-224/checkpoint/checkpoint-20.pth.tar', 39.13)
 ('./output/train/20250911-034003-resnet18-224/checkpoint/checkpoint-13.pth.tar', 38.98)
 ('./output/train/20250911-034003-resnet18-224/checkpoint/checkpoint-15.pth.tar', 38.09)
 ('./output/train/20250911-034003-resnet18-224/checkpoint/checkpoint-17.pth.tar', 37.98)
 ('./output/train/20250911-034003-resnet18-224/checkpoint/checkpoint-12.pth.tar', 37.76)

2025-09-11 04:44:59,416 -                train: [    INFO] - Train: 23 [   0/391 (  0%)]  Loss: 4.404 (4.40)  Loss_gt: 2.666 (2.67)  Loss_kd: 1.738 (1.74) LR: 5.000e-02
2025-09-11 04:46:03,491 -                train: [    INFO] - Train: 23 [ 200/391 ( 51%)]  Loss: 4.671 (4.32)  Loss_gt: 2.842 (2.64)  Loss_kd: 1.829 (1.68) LR: 5.000e-02
2025-09-11 04:47:22,379 -                train: [    INFO] - Train: 23 [ 390/391 (100%)]  Loss: 4.958 (4.37)  Loss_gt: 3.006 (2.67)  Loss_kd: 1.951 (1.70) LR: 5.000e-02
2025-09-11 04:47:23,101 -                train: [    INFO] - Test: [   0/39]  Time: 0.652 (0.652)  Loss:  2.1430 (2.1430)  Acc@1: 46.4844 (46.4844)  Acc@5: 79.2969 (79.2969)
2025-09-11 04:47:40,272 -                train: [    INFO] - Test: [  39/39]  Time: 0.023 (0.446)  Loss:  2.4765 (2.6317)  Acc@1: 37.5000 (38.5200)  Acc@5: 81.2500 (66.4300)
2025-09-11 04:47:40,553 - timm.utils.checkpoint_saver: [    INFO] - Current checkpoints:
 ('./output/train/20250911-034003-resnet18-224/checkpoint/checkpoint-22.pth.tar', 43.38)
 ('./output/train/20250911-034003-resnet18-224/checkpoint/checkpoint-19.pth.tar', 42.53)
 ('./output/train/20250911-034003-resnet18-224/checkpoint/checkpoint-21.pth.tar', 41.97)
 ('./output/train/20250911-034003-resnet18-224/checkpoint/checkpoint-16.pth.tar', 40.76)
 ('./output/train/20250911-034003-resnet18-224/checkpoint/checkpoint-18.pth.tar', 40.08)
 ('./output/train/20250911-034003-resnet18-224/checkpoint/checkpoint-20.pth.tar', 39.13)
 ('./output/train/20250911-034003-resnet18-224/checkpoint/checkpoint-13.pth.tar', 38.98)
 ('./output/train/20250911-034003-resnet18-224/checkpoint/checkpoint-23.pth.tar', 38.52)
 ('./output/train/20250911-034003-resnet18-224/checkpoint/checkpoint-15.pth.tar', 38.09)
 ('./output/train/20250911-034003-resnet18-224/checkpoint/checkpoint-17.pth.tar', 37.98)

2025-09-11 04:47:41,648 -                train: [    INFO] - Train: 24 [   0/391 (  0%)]  Loss: 4.039 (4.04)  Loss_gt: 2.470 (2.47)  Loss_kd: 1.569 (1.57) LR: 5.000e-02
2025-09-11 04:49:03,022 -                train: [    INFO] - Train: 24 [ 200/391 ( 51%)]  Loss: 4.555 (4.30)  Loss_gt: 2.822 (2.63)  Loss_kd: 1.732 (1.68) LR: 5.000e-02
2025-09-11 04:50:08,177 -                train: [    INFO] - Train: 24 [ 390/391 (100%)]  Loss: 4.479 (4.35)  Loss_gt: 2.695 (2.66)  Loss_kd: 1.784 (1.70) LR: 5.000e-02
2025-09-11 04:50:09,047 -                train: [    INFO] - Test: [   0/39]  Time: 0.797 (0.797)  Loss:  2.3594 (2.3594)  Acc@1: 46.8750 (46.8750)  Acc@5: 69.5312 (69.5312)
2025-09-11 04:50:28,181 -                train: [    INFO] - Test: [  39/39]  Time: 0.023 (0.498)  Loss:  2.5849 (2.3617)  Acc@1: 37.5000 (44.1700)  Acc@5: 75.0000 (71.3000)
2025-09-11 04:50:28,456 - timm.utils.checkpoint_saver: [    INFO] - Current checkpoints:
 ('./output/train/20250911-034003-resnet18-224/checkpoint/checkpoint-24.pth.tar', 44.17)
 ('./output/train/20250911-034003-resnet18-224/checkpoint/checkpoint-22.pth.tar', 43.38)
 ('./output/train/20250911-034003-resnet18-224/checkpoint/checkpoint-19.pth.tar', 42.53)
 ('./output/train/20250911-034003-resnet18-224/checkpoint/checkpoint-21.pth.tar', 41.97)
 ('./output/train/20250911-034003-resnet18-224/checkpoint/checkpoint-16.pth.tar', 40.76)
 ('./output/train/20250911-034003-resnet18-224/checkpoint/checkpoint-18.pth.tar', 40.08)
 ('./output/train/20250911-034003-resnet18-224/checkpoint/checkpoint-20.pth.tar', 39.13)
 ('./output/train/20250911-034003-resnet18-224/checkpoint/checkpoint-13.pth.tar', 38.98)
 ('./output/train/20250911-034003-resnet18-224/checkpoint/checkpoint-23.pth.tar', 38.52)
 ('./output/train/20250911-034003-resnet18-224/checkpoint/checkpoint-15.pth.tar', 38.09)

2025-09-11 04:50:29,523 -                train: [    INFO] - Train: 25 [   0/391 (  0%)]  Loss: 4.196 (4.20)  Loss_gt: 2.562 (2.56)  Loss_kd: 1.634 (1.63) LR: 5.000e-02
2025-09-11 04:51:45,693 -                train: [    INFO] - Train: 25 [ 200/391 ( 51%)]  Loss: 4.138 (4.28)  Loss_gt: 2.542 (2.61)  Loss_kd: 1.596 (1.67) LR: 5.000e-02
2025-09-11 04:52:55,748 -                train: [    INFO] - Train: 25 [ 390/391 (100%)]  Loss: 4.599 (4.33)  Loss_gt: 2.718 (2.64)  Loss_kd: 1.881 (1.69) LR: 5.000e-02
2025-09-11 04:52:56,422 -                train: [    INFO] - Test: [   0/39]  Time: 0.603 (0.603)  Loss:  2.1836 (2.1836)  Acc@1: 47.2656 (47.2656)  Acc@5: 73.8281 (73.8281)
2025-09-11 04:53:15,996 -                train: [    INFO] - Test: [  39/39]  Time: 0.022 (0.504)  Loss:  2.6737 (2.5099)  Acc@1: 18.7500 (40.6600)  Acc@5: 75.0000 (68.5400)
2025-09-11 04:53:16,322 - timm.utils.checkpoint_saver: [    INFO] - Current checkpoints:
 ('./output/train/20250911-034003-resnet18-224/checkpoint/checkpoint-24.pth.tar', 44.17)
 ('./output/train/20250911-034003-resnet18-224/checkpoint/checkpoint-22.pth.tar', 43.38)
 ('./output/train/20250911-034003-resnet18-224/checkpoint/checkpoint-19.pth.tar', 42.53)
 ('./output/train/20250911-034003-resnet18-224/checkpoint/checkpoint-21.pth.tar', 41.97)
 ('./output/train/20250911-034003-resnet18-224/checkpoint/checkpoint-16.pth.tar', 40.76)
 ('./output/train/20250911-034003-resnet18-224/checkpoint/checkpoint-25.pth.tar', 40.66)
 ('./output/train/20250911-034003-resnet18-224/checkpoint/checkpoint-18.pth.tar', 40.08)
 ('./output/train/20250911-034003-resnet18-224/checkpoint/checkpoint-20.pth.tar', 39.13)
 ('./output/train/20250911-034003-resnet18-224/checkpoint/checkpoint-13.pth.tar', 38.98)
 ('./output/train/20250911-034003-resnet18-224/checkpoint/checkpoint-23.pth.tar', 38.52)

2025-09-11 04:53:17,445 -                train: [    INFO] - Train: 26 [   0/391 (  0%)]  Loss: 4.389 (4.39)  Loss_gt: 2.673 (2.67)  Loss_kd: 1.716 (1.72) LR: 5.000e-02
2025-09-11 04:54:22,552 -                train: [    INFO] - Train: 26 [ 200/391 ( 51%)]  Loss: 4.145 (4.27)  Loss_gt: 2.608 (2.61)  Loss_kd: 1.537 (1.66) LR: 5.000e-02
2025-09-11 04:55:26,957 -                train: [    INFO] - Train: 26 [ 390/391 (100%)]  Loss: 4.675 (4.31)  Loss_gt: 2.818 (2.63)  Loss_kd: 1.857 (1.68) LR: 5.000e-02
2025-09-11 04:55:27,742 -                train: [    INFO] - Test: [   0/39]  Time: 0.717 (0.717)  Loss:  2.5317 (2.5317)  Acc@1: 39.0625 (39.0625)  Acc@5: 67.5781 (67.5781)
2025-09-11 04:56:01,518 -                train: [    INFO] - Test: [  39/39]  Time: 0.023 (0.862)  Loss:  2.2959 (2.3191)  Acc@1: 37.5000 (44.7600)  Acc@5: 75.0000 (72.1700)
2025-09-11 04:56:01,767 - timm.utils.checkpoint_saver: [    INFO] - Current checkpoints:
 ('./output/train/20250911-034003-resnet18-224/checkpoint/checkpoint-26.pth.tar', 44.76)
 ('./output/train/20250911-034003-resnet18-224/checkpoint/checkpoint-24.pth.tar', 44.17)
 ('./output/train/20250911-034003-resnet18-224/checkpoint/checkpoint-22.pth.tar', 43.38)
 ('./output/train/20250911-034003-resnet18-224/checkpoint/checkpoint-19.pth.tar', 42.53)
 ('./output/train/20250911-034003-resnet18-224/checkpoint/checkpoint-21.pth.tar', 41.97)
 ('./output/train/20250911-034003-resnet18-224/checkpoint/checkpoint-16.pth.tar', 40.76)
 ('./output/train/20250911-034003-resnet18-224/checkpoint/checkpoint-25.pth.tar', 40.66)
 ('./output/train/20250911-034003-resnet18-224/checkpoint/checkpoint-18.pth.tar', 40.08)
 ('./output/train/20250911-034003-resnet18-224/checkpoint/checkpoint-20.pth.tar', 39.13)
 ('./output/train/20250911-034003-resnet18-224/checkpoint/checkpoint-13.pth.tar', 38.98)

2025-09-11 04:56:02,871 -                train: [    INFO] - Train: 27 [   0/391 (  0%)]  Loss: 4.336 (4.34)  Loss_gt: 2.619 (2.62)  Loss_kd: 1.717 (1.72) LR: 5.000e-02
2025-09-11 04:57:07,741 -                train: [    INFO] - Train: 27 [ 200/391 ( 51%)]  Loss: 4.350 (4.26)  Loss_gt: 2.635 (2.60)  Loss_kd: 1.714 (1.65) LR: 5.000e-02
2025-09-11 04:58:13,106 -                train: [    INFO] - Train: 27 [ 390/391 (100%)]  Loss: 4.447 (4.29)  Loss_gt: 2.632 (2.62)  Loss_kd: 1.816 (1.67) LR: 5.000e-02
2025-09-11 04:58:13,798 -                train: [    INFO] - Test: [   0/39]  Time: 0.628 (0.628)  Loss:  2.0527 (2.0527)  Acc@1: 51.1719 (51.1719)  Acc@5: 75.0000 (75.0000)
2025-09-11 04:58:45,500 -                train: [    INFO] - Test: [  39/39]  Time: 0.025 (0.808)  Loss:  2.6538 (2.3865)  Acc@1: 43.7500 (44.4100)  Acc@5: 68.7500 (70.4100)
2025-09-11 04:58:45,805 - timm.utils.checkpoint_saver: [    INFO] - Current checkpoints:
 ('./output/train/20250911-034003-resnet18-224/checkpoint/checkpoint-26.pth.tar', 44.76)
 ('./output/train/20250911-034003-resnet18-224/checkpoint/checkpoint-27.pth.tar', 44.41)
 ('./output/train/20250911-034003-resnet18-224/checkpoint/checkpoint-24.pth.tar', 44.17)
 ('./output/train/20250911-034003-resnet18-224/checkpoint/checkpoint-22.pth.tar', 43.38)
 ('./output/train/20250911-034003-resnet18-224/checkpoint/checkpoint-19.pth.tar', 42.53)
 ('./output/train/20250911-034003-resnet18-224/checkpoint/checkpoint-21.pth.tar', 41.97)
 ('./output/train/20250911-034003-resnet18-224/checkpoint/checkpoint-16.pth.tar', 40.76)
 ('./output/train/20250911-034003-resnet18-224/checkpoint/checkpoint-25.pth.tar', 40.66)
 ('./output/train/20250911-034003-resnet18-224/checkpoint/checkpoint-18.pth.tar', 40.08)
 ('./output/train/20250911-034003-resnet18-224/checkpoint/checkpoint-20.pth.tar', 39.13)

2025-09-11 04:58:46,962 -                train: [    INFO] - Train: 28 [   0/391 (  0%)]  Loss: 4.145 (4.15)  Loss_gt: 2.501 (2.50)  Loss_kd: 1.644 (1.64) LR: 5.000e-02
2025-09-11 04:59:52,094 -                train: [    INFO] - *** Best metric: 44.76 (epoch 26)
