2025-09-13 15:14:13,745 -                train: [    INFO] - Training with a single process on 1 GPUs.
2025-09-13 15:14:18,057 -  timm.models.helpers: [    INFO] - Loaded  from checkpoint '/nfs4/wangyb/projects/OFAKD/teacher_checkpoint/swin_tiny_patch4_window7_224_cifar100.pth'
2025-09-13 15:14:18,478 -                train: [    INFO] - Model resnet18_vcaV2 created, param count:13011340
2025-09-13 15:14:18,478 -     timm.data.config: [    INFO] - Data processing configuration for current model + dataset:
2025-09-13 15:14:18,480 -     timm.data.config: [    INFO] - 	input_size: (3, 224, 224)
2025-09-13 15:14:18,480 -     timm.data.config: [    INFO] - 	interpolation: bicubic
2025-09-13 15:14:18,481 -     timm.data.config: [    INFO] - 	mean: (0.485, 0.456, 0.406)
2025-09-13 15:14:18,481 -     timm.data.config: [    INFO] - 	std: (0.229, 0.224, 0.225)
2025-09-13 15:14:18,482 -     timm.data.config: [    INFO] - 	crop_pct: 0.875
2025-09-13 15:14:26,782 -                train: [    INFO] - 
-------------------------------
Learnable parameters
Student: 13.01M
Extra: 0.00M
-------------------------------
2025-09-13 15:14:26,956 -                train: [    INFO] - AMP not enabled. Training in float32.
2025-09-13 15:14:26,956 -                train: [    INFO] - Scheduled epochs: 300
2025-09-13 15:14:31,830 -                train: [    INFO] - Train: 0 [   0/390 (  0%)]  Loss: 60.69 (60.7)  Loss_cat: 6.006 (6.01)  Loss_feat: 50.07 (50.1)  Loss_gt: 4.613 (4.61) LR: 1.000e-04
2025-09-13 15:15:07,573 -                train: [    INFO] - Train: 0 [ 200/390 ( 51%)]  Loss: 55.55 (58.2)  Loss_cat: 4.548 (4.97)  Loss_feat: 46.43 (48.6)  Loss_gt: 4.570 (4.60) LR: 1.000e-04
2025-09-13 15:15:41,280 -                train: [    INFO] - Train: 0 [ 389/390 (100%)]  Loss: 50.56 (55.4)  Loss_cat: 4.341 (4.66)  Loss_feat: 41.68 (46.2)  Loss_gt: 4.545 (4.58) LR: 1.000e-04
2025-09-13 15:15:41,765 -                train: [    INFO] - Test: [   0/78]  Time: 0.475 (0.475)  Loss:  4.5313 (4.5313)  Acc@1:  3.9062 ( 3.9062)  Acc@5: 12.5000 (12.5000)
2025-09-13 15:15:45,830 -                train: [    INFO] - Test: [  78/78]  Time: 1.454 (0.057)  Loss:  4.5300 (4.5357)  Acc@1:  0.0000 ( 2.4900)  Acc@5: 12.5000 (10.5300)
2025-09-13 15:15:46,080 - timm.utils.checkpoint_saver: [    INFO] - Current checkpoints:
 ('./output/train/20250913-151426-resnet18_vcaV2-224/checkpoint/checkpoint-0.pth.tar', 2.49)

2025-09-13 15:15:46,448 -                train: [    INFO] - Train: 1 [   0/390 (  0%)]  Loss: 50.45 (50.5)  Loss_cat: 4.171 (4.17)  Loss_feat: 41.74 (41.7)  Loss_gt: 4.542 (4.54) LR: 1.007e-02
2025-09-13 15:16:21,877 -                train: [    INFO] - Train: 1 [ 200/390 ( 51%)]  Loss: 42.22 (43.8)  Loss_cat: 3.501 (3.67)  Loss_feat: 34.52 (35.8)  Loss_gt: 4.195 (4.34) LR: 1.007e-02
2025-09-13 15:16:36,522 -                train: [    INFO] - *** Best metric: 2.49 (epoch 0)
